Archive member included to satisfy reference by file (symbol)

/Volumes/Data/VScode/GIT/VSCode_OnethinxPack_macOS/gcc-arm-none-eabi-10.3-2021.10/bin/../lib/gcc/arm-none-eabi/10.3.1/thumb/v7e-m+fp/softfp/libgcc.a(_arm_addsubdf3.o)
                              meson_test.elf.p/7542e167072b05e6e3ec73bcfbf27be1f74f3d0a_pdl_drivers_peripheral_sysclk_cy_sysclk.c.o (__aeabi_f2d)
/Volumes/Data/VScode/GIT/VSCode_OnethinxPack_macOS/gcc-arm-none-eabi-10.3-2021.10/bin/../lib/gcc/arm-none-eabi/10.3.1/thumb/v7e-m+fp/softfp/libgcc.a(_arm_muldivdf3.o)
                              meson_test.elf.p/7542e167072b05e6e3ec73bcfbf27be1f74f3d0a_pdl_drivers_peripheral_sysclk_cy_sysclk.c.o (__aeabi_ddiv)
/Volumes/Data/VScode/GIT/VSCode_OnethinxPack_macOS/gcc-arm-none-eabi-10.3-2021.10/bin/../lib/gcc/arm-none-eabi/10.3.1/thumb/v7e-m+fp/softfp/libgcc.a(_arm_fixunsdfsi.o)
                              meson_test.elf.p/7542e167072b05e6e3ec73bcfbf27be1f74f3d0a_pdl_drivers_peripheral_sysclk_cy_sysclk.c.o (__aeabi_d2uiz)
/Volumes/Data/VScode/GIT/VSCode_OnethinxPack_macOS/gcc-arm-none-eabi-10.3-2021.10/bin/../lib/gcc/arm-none-eabi/10.3.1/thumb/v7e-m+fp/softfp/libgcc.a(_arm_truncdfsf2.o)
                              meson_test.elf.p/7542e167072b05e6e3ec73bcfbf27be1f74f3d0a_pdl_drivers_peripheral_sysclk_cy_sysclk.c.o (__aeabi_d2f)
/Volumes/Data/VScode/GIT/VSCode_OnethinxPack_macOS/gcc-arm-none-eabi-10.3-2021.10/bin/../lib/gcc/arm-none-eabi/10.3.1/thumb/v7e-m+fp/softfp/libgcc.a(_aeabi_uldivmod.o)
                              meson_test.elf.p/7542e167072b05e6e3ec73bcfbf27be1f74f3d0a_pdl_drivers_peripheral_sysclk_cy_sysclk.c.o (__aeabi_uldivmod)
/Volumes/Data/VScode/GIT/VSCode_OnethinxPack_macOS/gcc-arm-none-eabi-10.3-2021.10/bin/../lib/gcc/arm-none-eabi/10.3.1/thumb/v7e-m+fp/softfp/libgcc.a(_udivmoddi4.o)
                              /Volumes/Data/VScode/GIT/VSCode_OnethinxPack_macOS/gcc-arm-none-eabi-10.3-2021.10/bin/../lib/gcc/arm-none-eabi/10.3.1/thumb/v7e-m+fp/softfp/libgcc.a(_aeabi_uldivmod.o) (__udivmoddi4)
/Volumes/Data/VScode/GIT/VSCode_OnethinxPack_macOS/gcc-arm-none-eabi-10.3-2021.10/bin/../lib/gcc/arm-none-eabi/10.3.1/thumb/v7e-m+fp/softfp/libgcc.a(_dvmd_tls.o)
                              /Volumes/Data/VScode/GIT/VSCode_OnethinxPack_macOS/gcc-arm-none-eabi-10.3-2021.10/bin/../lib/gcc/arm-none-eabi/10.3.1/thumb/v7e-m+fp/softfp/libgcc.a(_aeabi_uldivmod.o) (__aeabi_ldiv0)
/Volumes/Data/VScode/GIT/VSCode_OnethinxPack_macOS/gcc-arm-none-eabi-10.3-2021.10/bin/../lib/gcc/arm-none-eabi/10.3.1/../../../../arm-none-eabi/lib/thumb/v7e-m+fp/softfp/libg_nano.a(lib_a-exit.o)
                              /Volumes/Data/VScode/GIT/VSCode_OnethinxPack_macOS/gcc-arm-none-eabi-10.3-2021.10/bin/../lib/gcc/arm-none-eabi/10.3.1/../../../../arm-none-eabi/lib/thumb/v7e-m+fp/softfp/crt0.o (exit)
/Volumes/Data/VScode/GIT/VSCode_OnethinxPack_macOS/gcc-arm-none-eabi-10.3-2021.10/bin/../lib/gcc/arm-none-eabi/10.3.1/../../../../arm-none-eabi/lib/thumb/v7e-m+fp/softfp/libg_nano.a(lib_a-impure.o)
                              /Volumes/Data/VScode/GIT/VSCode_OnethinxPack_macOS/gcc-arm-none-eabi-10.3-2021.10/bin/../lib/gcc/arm-none-eabi/10.3.1/../../../../arm-none-eabi/lib/thumb/v7e-m+fp/softfp/libg_nano.a(lib_a-exit.o) (_global_impure_ptr)
/Volumes/Data/VScode/GIT/VSCode_OnethinxPack_macOS/gcc-arm-none-eabi-10.3-2021.10/bin/../lib/gcc/arm-none-eabi/10.3.1/../../../../arm-none-eabi/lib/thumb/v7e-m+fp/softfp/libg_nano.a(lib_a-init.o)
                              /Volumes/Data/VScode/GIT/VSCode_OnethinxPack_macOS/gcc-arm-none-eabi-10.3-2021.10/bin/../lib/gcc/arm-none-eabi/10.3.1/../../../../arm-none-eabi/lib/thumb/v7e-m+fp/softfp/crt0.o (__libc_init_array)
/Volumes/Data/VScode/GIT/VSCode_OnethinxPack_macOS/gcc-arm-none-eabi-10.3-2021.10/bin/../lib/gcc/arm-none-eabi/10.3.1/../../../../arm-none-eabi/lib/thumb/v7e-m+fp/softfp/libg_nano.a(lib_a-memcpy-stub.o)
                              meson_test.elf.p/Onethinx_Creator.cydsn_Generated_Source_PSoC6_cyfitter_cfg.c.o (memcpy)
/Volumes/Data/VScode/GIT/VSCode_OnethinxPack_macOS/gcc-arm-none-eabi-10.3-2021.10/bin/../lib/gcc/arm-none-eabi/10.3.1/../../../../arm-none-eabi/lib/thumb/v7e-m+fp/softfp/libg_nano.a(lib_a-memset.o)
                              /Volumes/Data/VScode/GIT/VSCode_OnethinxPack_macOS/gcc-arm-none-eabi-10.3-2021.10/bin/../lib/gcc/arm-none-eabi/10.3.1/../../../../arm-none-eabi/lib/thumb/v7e-m+fp/softfp/crt0.o (memset)
/Volumes/Data/VScode/GIT/VSCode_OnethinxPack_macOS/gcc-arm-none-eabi-10.3-2021.10/bin/../lib/gcc/arm-none-eabi/10.3.1/../../../../arm-none-eabi/lib/thumb/v7e-m+fp/softfp/libg_nano.a(lib_a-strncpy.o)
                              meson_test.elf.p/3cb89e1f604defe399d2fa6aebc2cad7f2e1d021_pdl_drivers_peripheral_syslib_cy_syslib.c.o (strncpy)
/Volumes/Data/VScode/GIT/VSCode_OnethinxPack_macOS/gcc-arm-none-eabi-10.3-2021.10/bin/../lib/gcc/arm-none-eabi/10.3.1/../../../../arm-none-eabi/lib/thumb/v7e-m+fp/softfp/libnosys.a(_exit.o)
[...]
Memory Configuration

Name             Origin             Length             Attributes
ram              0x0000000008000000 0x000000000003f000 xrw
flash            0x0000000010000000 0x00000000000e0000 xr
em_eeprom        0x0000000014000000 0x0000000000008000 xr
xip              0x0000000018000000 0x0000000008000000 xr
efuse            0x0000000090700000 0x0000000000100000 r
*default*        0x0000000000000000 0xffffffffffffffff

Linker script and memory map

LOAD /Volumes/Data/VScode/GIT/VSCode_OnethinxPack_macOS/gcc-arm-none-eabi-10.3-2021.10/bin/../lib/gcc/arm-none-eabi/10.3.1/thumb/v7e-m+fp/softfp/crti.o
LOAD /Volumes/Data/VScode/GIT/VSCode_OnethinxPack_macOS/gcc-arm-none-eabi-10.3-2021.10/bin/../lib/gcc/arm-none-eabi/10.3.1/thumb/v7e-m+fp/softfp/crtbegin.o
LOAD /Volumes/Data/VScode/GIT/VSCode_OnethinxPack_macOS/gcc-arm-none-eabi-10.3-2021.10/bin/../lib/gcc/arm-none-eabi/10.3.1/../../../../arm-none-eabi/lib/thumb/v7e-m+fp/softfp/crt0.o
LOAD meson_test.elf.p/Onethinx_Creator.cydsn_gcc_startup_psoc6_01_cm4.S.o
LOAD meson_test.elf.p/Onethinx_Creator.cydsn_system_psoc6_cm4.c.o
LOAD meson_test.elf.p/source_OnethinxCore_OnethinxCore01.c.o
LOAD meson_test.elf.p/source_main.c.o
LOAD meson_test.elf.p/Onethinx_Creator.cydsn_Generated_Source_PSoC6_cyfitter_cfg.c.o
LOAD meson_test.elf.p/Onethinx_Creator.cydsn_Generated_Source_PSoC6_cyfitter_sysint_cfg.c.o
LOAD meson_test.elf.p/Onethinx_Creator.cydsn_Generated_Source_PSoC6_cymetadata.c.o
LOAD meson_test.elf.p/9a7f2cd5499610e2222d23b673b45b0892ce007d_pdl_drivers_peripheral_efuse_cy_efuse.c.o
LOAD meson_test.elf.p/69cafff0c40d9aa37d38815e46674ce324bf3b37_pdl_drivers_peripheral_flash_cy_flash.c.o
LOAD meson_test.elf.p/9274a9895afb40a463bdeaa56a8c00d55c365291_pdl_drivers_peripheral_gpio_cy_gpio.c.o
LOAD meson_test.elf.p/a1e73c3dcdf7e7b28f8ab0cc1711171d7d2b14f7_pdl_drivers_peripheral_ipc_cy_ipc_drv.c.o
LOAD meson_test.elf.p/0c482c4c6a71915c45657e82f2a0ac7d99e010d3_pdl_drivers_peripheral_ipc_cy_ipc_pipe.c.o
LOAD meson_test.elf.p/3b026386a9c43854953501eb1ca2160ce595ece8_pdl_drivers_peripheral_ipc_cy_ipc_sema.c.o
LOAD meson_test.elf.p/eb725854a0b432309d34b4f4e6ad621274479a2e_pdl_drivers_peripheral_lvd_cy_lvd.c.o
LOAD meson_test.elf.p/40041df0016fc4972fd42a67a2c1b2e48b4731f6_pdl_drivers_peripheral_profile_cy_profile.c.o
LOAD meson_test.elf.p/729b7d77e6ba9ce7497da2bf00ca3cd2caa25051_pdl_drivers_peripheral_prot_cy_prot.c.o
LOAD meson_test.elf.p/62d3e63459659bb1f676a1a3d298686c4bb487cd_pdl_drivers_peripheral_sysanalog_cy_sysanalog.c.o
LOAD meson_test.elf.p/7542e167072b05e6e3ec73bcfbf27be1f74f3d0a_pdl_drivers_peripheral_sysclk_cy_sysclk.c.o
LOAD meson_test.elf.p/153e45b1731f9b6c0f42b3671ad18198f4bb31be_pdl_drivers_peripheral_sysint_cy_sysint.c.o
LOAD meson_test.elf.p/3cb89e1f604defe399d2fa6aebc2cad7f2e1d021_pdl_drivers_peripheral_syslib_cy_syslib.c.o
LOAD meson_test.elf.p/d5ae9b5c300da39f9b9194a82bbbcb15dd0a62b6_drivers_peripheral_syslib_gcc_cy_syslib_gcc.S.o
LOAD meson_test.elf.p/5a77a391255994afa463f33de93d3b2f65daff24_pdl_drivers_peripheral_syspm_cy_syspm.c.o
LOAD meson_test.elf.p/a3353b3d921cc9f7fe23a4c82572f6bbd6d4c3da_pdl_drivers_peripheral_systick_cy_systick.c.o
LOAD meson_test.elf.p/fbcfc4ec98d9b19e21b7bff9e71e4886c6b2b03a_pdl_drivers_peripheral_trigmux_cy_trigmux.c.o
LOAD meson_test.elf.p/6f4a0a477181eb36373e7d4d62df8cd9b196139a_pdl_drivers_peripheral_wdt_cy_wdt.c.o
LOAD meson_test.elf.p/a6fbef1c883016f2761d23ae253e30f147f85a28_pdl_drivers_peripheral_device_cy_device.c.o
LOAD meson_test.elf.p/Onethinx_Creator.cydsn_Generated_Source_PSoC6_pdl_middleware_ble_cy_ble_clk.c.o
START GROUP
LOAD /Volumes/Data/VScode/GIT/VSCode_OnethinxPack_macOS/gcc-arm-none-eabi-10.3-2021.10/bin/../lib/gcc/arm-none-eabi/10.3.1/thumb/v7e-m+fp/softfp/libgcc.a
LOAD /Volumes/Data/VScode/GIT/VSCode_OnethinxPack_macOS/gcc-arm-none-eabi-10.3-2021.10/bin/../lib/gcc/arm-none-eabi/10.3.1/../../../../arm-none-eabi/lib/thumb/v7e-m+fp/softfp/libg_nano.a
LOAD /Volumes/Data/VScode/GIT/VSCode_OnethinxPack_macOS/gcc-arm-none-eabi-10.3-2021.10/bin/../lib/gcc/arm-none-eabi/10.3.1/../../../../arm-none-eabi/lib/thumb/v7e-m+fp/softfp/libc_nano.a
END GROUP
START GROUP
LOAD /Volumes/Data/VScode/GIT/VSCode_OnethinxPack_macOS/gcc-arm-none-eabi-10.3-2021.10/bin/../lib/gcc/arm-none-eabi/10.3.1/thumb/v7e-m+fp/softfp/libgcc.a
LOAD /Volumes/Data/VScode/GIT/VSCode_OnethinxPack_macOS/gcc-arm-none-eabi-10.3-2021.10/bin/../lib/gcc/arm-none-eabi/10.3.1/../../../../arm-none-eabi/lib/thumb/v7e-m+fp/softfp/libc_nano.a
END GROUP
LOAD /Volumes/Data/VScode/GIT/VSCode_OnethinxPack_macOS/gcc-arm-none-eabi-10.3-2021.10/bin/../lib/gcc/arm-none-eabi/10.3.1/thumb/v7e-m+fp/softfp/crtend.o
LOAD /Volumes/Data/VScode/GIT/VSCode_OnethinxPack_macOS/gcc-arm-none-eabi-10.3-2021.10/bin/../lib/gcc/arm-none-eabi/10.3.1/thumb/v7e-m+fp/softfp/crtn.o
START GROUP
LOAD /Volumes/Data/VScode/GIT/VSCode_OnethinxPack_macOS/gcc-arm-none-eabi-10.3-2021.10/bin/../lib/gcc/arm-none-eabi/10.3.1/thumb/v7e-m+fp/softfp/libgcc.a
LOAD /Volumes/Data/VScode/GIT/VSCode_OnethinxPack_macOS/gcc-arm-none-eabi-10.3-2021.10/bin/../lib/gcc/arm-none-eabi/10.3.1/../../../../arm-none-eabi/lib/thumb/v7e-m+fp/softfp/libc.a
LOAD /Volumes/Data/VScode/GIT/VSCode_OnethinxPack_macOS/gcc-arm-none-eabi-10.3-2021.10/bin/../lib/gcc/arm-none-eabi/10.3.1/../../../../arm-none-eabi/lib/thumb/v7e-m+fp/softfp/libnosys.a
END GROUP
                0x0000000010000000                __cy_app_verify_start = 0x10000000
                0x00000000000dff00                __cy_app_verify_length = 0xdff00
START GROUP
LOAD /Volumes/Data/VScode/GIT/VSCode_OnethinxPack_macOS/gcc-arm-none-eabi-10.3-2021.10/bin/../lib/gcc/arm-none-eabi/10.3.1/thumb/v7e-m+fp/softfp/libgcc.a
LOAD /Volumes/Data/VScode/GIT/VSCode_OnethinxPack_macOS/gcc-arm-none-eabi-10.3-2021.10/bin/../lib/gcc/arm-none-eabi/10.3.1/../../../../arm-none-eabi/lib/thumb/v7e-m+fp/softfp/libc.a
LOAD /Volumes/Data/VScode/GIT/VSCode_OnethinxPack_macOS/gcc-arm-none-eabi-10.3-2021.10/bin/../lib/gcc/arm-none-eabi/10.3.1/../../../../arm-none-eabi/lib/thumb/v7e-m+fp/softfp/libm.a
LOAD /Volumes/Data/VScode/GIT/VSCode_OnethinxPack_macOS/gcc-arm-none-eabi-10.3-2021.10/bin/../lib/gcc/arm-none-eabi/10.3.1/../../../../arm-none-eabi/lib/thumb/v7e-m+fp/softfp/libnosys.a
END GROUP

.text           0x0000000010000000     0x2f28
                0x0000000010000000                __Vectors = .
 *(.vectors)
 .vectors       0x0000000010000000      0x28c meson_test.elf.p/Onethinx_Creator.cydsn_gcc_startup_psoc6_01_cm4.S.o
                0x000000001000028c                . = ALIGN (0x4)
                0x000000001000028c                __Vectors_End = .
                0x000000001000028c                __Vectors_Size = (__Vectors_End - __Vectors)
                0x0000000008000c70                __end__ = .
                0x000000001000028c                . = ALIGN (0x4)
 *(.text*)
 .text          0x000000001000028c       0x40 /Volumes/Data/VScode/GIT/VSCode_OnethinxPack_macOS/gcc-arm-none-eabi-10.3-2021.10/bin/../lib/gcc/arm-none-eabi/10.3.1/thumb/v7e-m+fp/softfp/crtbegin.o
 .text          0x00000000100002cc       0x84 meson_test.elf.p/Onethinx_Creator.cydsn_gcc_startup_psoc6_01_cm4.S.o
                0x00000000100002cc                Cy_OnResetUser
                0x00000000100002ce                Reset_Handler
                0x0000000010000330                cpuss_interrupts_ipc_6_IRQHandler
                0x0000000010000330                DebugMon_Handler
                0x0000000010000330                tcpwm_1_interrupts_11_IRQHandler
                0x0000000010000330                cpuss_interrupts_ipc_0_IRQHandler
                0x0000000010000330                tcpwm_1_interrupts_15_IRQHandler
                0x0000000010000330                tcpwm_1_interrupts_13_IRQHandler
                0x0000000010000330                cpuss_interrupts_dw1_8_IRQHandler
                0x0000000010000330                tcpwm_0_interrupts_0_IRQHandler
                0x0000000010000330                SysTick_Handler
                0x0000000010000330                cpuss_interrupt_fm_IRQHandler
                0x0000000010000330                cpuss_interrupts_ipc_7_IRQHandler
                0x0000000010000330                tcpwm_1_interrupts_14_IRQHandler
                0x0000000010000330                cpuss_interrupts_dw0_11_IRQHandler
                0x0000000010000330                tcpwm_1_interrupts_9_IRQHandler
                0x0000000010000330                cpuss_interrupts_cm0_cti_1_IRQHandler
                0x0000000010000330                tcpwm_1_interrupts_22_IRQHandler
                0x0000000010000330                cpuss_interrupts_dw0_4_IRQHandler
                0x0000000010000330                PendSV_Handler
                0x0000000010000330                NMI_Handler
                0x0000000010000330                cpuss_interrupts_dw1_12_IRQHandler
                0x0000000010000330                tcpwm_1_interrupts_12_IRQHandler
                0x0000000010000330                smif_interrupt_IRQHandler
                0x0000000010000330                tcpwm_1_interrupts_2_IRQHandler
                0x0000000010000330                cpuss_interrupts_ipc_13_IRQHandler
                0x0000000010000330                udb_interrupts_11_IRQHandler
                0x0000000010000330                tcpwm_1_interrupts_18_IRQHandler
                0x0000000010000330                tcpwm_0_interrupts_2_IRQHandler
                0x0000000010000330                cpuss_interrupts_dw0_13_IRQHandler
                0x0000000010000330                udb_interrupts_2_IRQHandler
                0x0000000010000330                cpuss_interrupts_dw1_7_IRQHandler
                0x0000000010000330                ioss_interrupts_gpio_1_IRQHandler
                0x0000000010000330                ioss_interrupts_gpio_7_IRQHandler
                0x0000000010000330                scb_5_interrupt_IRQHandler
                0x0000000010000330                udb_interrupts_6_IRQHandler
                0x0000000010000330                cpuss_interrupts_fault_1_IRQHandler
                0x0000000010000330                cpuss_interrupts_ipc_4_IRQHandler
                0x0000000010000330                cpuss_interrupts_ipc_5_IRQHandler
                0x0000000010000330                cpuss_interrupts_dw1_10_IRQHandler
                0x0000000010000330                udb_interrupts_0_IRQHandler
                0x0000000010000330                tcpwm_1_interrupts_6_IRQHandler
                0x0000000010000330                scb_4_interrupt_IRQHandler
                0x0000000010000330                pass_interrupt_dacs_IRQHandler
                0x0000000010000330                ioss_interrupts_gpio_2_IRQHandler
                0x0000000010000330                cpuss_interrupts_dw1_9_IRQHandler
                0x0000000010000330                cpuss_interrupts_dw1_13_IRQHandler
                0x0000000010000330                scb_2_interrupt_IRQHandler
                0x0000000010000330                cpuss_interrupts_dw0_3_IRQHandler
                0x0000000010000330                cpuss_interrupts_dw0_5_IRQHandler
                0x0000000010000330                cpuss_interrupts_dw1_2_IRQHandler
                0x0000000010000330                cpuss_interrupts_cm0_cti_0_IRQHandler
                0x0000000010000330                ioss_interrupts_gpio_13_IRQHandler
                0x0000000010000330                lpcomp_interrupt_IRQHandler
                0x0000000010000330                udb_interrupts_5_IRQHandler
                0x0000000010000330                srss_interrupt_IRQHandler
                0x0000000010000330                udb_interrupts_12_IRQHandler
                0x0000000010000330                scb_0_interrupt_IRQHandler
                0x0000000010000330                csd_interrupt_IRQHandler
                0x0000000010000330                udb_interrupts_1_IRQHandler
                0x0000000010000330                profile_interrupt_IRQHandler
                0x0000000010000330                tcpwm_1_interrupts_1_IRQHandler
                0x0000000010000330                cpuss_interrupts_ipc_12_IRQHandler
                0x0000000010000330                tcpwm_1_interrupts_3_IRQHandler
                0x0000000010000330                tcpwm_0_interrupts_7_IRQHandler
                0x0000000010000330                cpuss_interrupts_dw1_1_IRQHandler
                0x0000000010000330                cpuss_interrupts_dw1_0_IRQHandler
                0x0000000010000330                cpuss_interrupts_dw0_9_IRQHandler
                0x0000000010000330                tcpwm_1_interrupts_23_IRQHandler
                0x0000000010000330                udb_interrupts_4_IRQHandler
                0x0000000010000330                tcpwm_1_interrupts_20_IRQHandler
                0x0000000010000330                ioss_interrupt_gpio_IRQHandler
                0x0000000010000330                tcpwm_0_interrupts_1_IRQHandler
                0x0000000010000330                ioss_interrupts_gpio_8_IRQHandler
                0x0000000010000330                tcpwm_0_interrupts_6_IRQHandler
                0x0000000010000330                scb_7_interrupt_IRQHandler
                0x0000000010000330                tcpwm_1_interrupts_7_IRQHandler
                0x0000000010000330                cpuss_interrupts_ipc_11_IRQHandler
                0x0000000010000330                udb_interrupts_13_IRQHandler
                0x0000000010000330                cpuss_interrupts_dw0_15_IRQHandler
                0x0000000010000330                udb_interrupts_7_IRQHandler
                0x0000000010000330                cpuss_interrupts_dw1_6_IRQHandler
                0x0000000010000330                cpuss_interrupt_crypto_IRQHandler
                0x0000000010000330                scb_1_interrupt_IRQHandler
                0x0000000010000330                Default_Handler
                0x0000000010000330                usb_interrupt_hi_IRQHandler
                0x0000000010000330                tcpwm_1_interrupts_0_IRQHandler
                0x0000000010000330                udb_interrupts_9_IRQHandler
                0x0000000010000330                audioss_interrupt_pdm_IRQHandler
                0x0000000010000330                srss_interrupt_mcwdt_0_IRQHandler
                0x0000000010000330                scb_3_interrupt_IRQHandler
                0x0000000010000330                pass_interrupt_ctbs_IRQHandler
                0x0000000010000330                udb_interrupts_8_IRQHandler
                0x0000000010000330                ioss_interrupts_gpio_3_IRQHandler
                0x0000000010000330                scb_6_interrupt_IRQHandler
                0x0000000010000330                cpuss_interrupts_cm4_cti_0_IRQHandler
                0x0000000010000330                cpuss_interrupts_dw1_3_IRQHandler
                0x0000000010000330                pass_interrupt_sar_IRQHandler
                0x0000000010000330                ioss_interrupts_gpio_0_IRQHandler
                0x0000000010000330                ioss_interrupts_gpio_14_IRQHandler
                0x0000000010000330                tcpwm_0_interrupts_4_IRQHandler
                0x0000000010000330                udb_interrupts_3_IRQHandler
                0x0000000010000330                tcpwm_0_interrupts_5_IRQHandler
                0x0000000010000330                cpuss_interrupts_ipc_15_IRQHandler
                0x0000000010000330                cpuss_interrupts_cm4_cti_1_IRQHandler
                0x0000000010000330                scb_8_interrupt_IRQHandler
                0x0000000010000330                srss_interrupt_mcwdt_1_IRQHandler
                0x0000000010000330                SVC_Handler
                0x0000000010000330                cpuss_interrupts_dw1_5_IRQHandler
                0x0000000010000330                cpuss_interrupts_ipc_1_IRQHandler
                0x0000000010000330                cpuss_interrupts_dw0_0_IRQHandler
                0x0000000010000330                ioss_interrupts_gpio_12_IRQHandler
                0x0000000010000330                cpuss_interrupts_ipc_3_IRQHandler
                0x0000000010000330                tcpwm_1_interrupts_17_IRQHandler
                0x0000000010000330                srss_interrupt_backup_IRQHandler
                0x0000000010000330                bless_interrupt_IRQHandler
                0x0000000010000330                cpuss_interrupts_ipc_10_IRQHandler
                0x0000000010000330                cpuss_interrupts_ipc_9_IRQHandler
                0x0000000010000330                cpuss_interrupts_dw0_14_IRQHandler
                0x0000000010000330                tcpwm_1_interrupts_4_IRQHandler
                0x0000000010000330                tcpwm_0_interrupts_3_IRQHandler
                0x0000000010000330                cpuss_interrupts_dw1_15_IRQHandler
                0x0000000010000330                ioss_interrupts_gpio_10_IRQHandler
                0x0000000010000330                udb_interrupts_10_IRQHandler
                0x0000000010000330                cpuss_interrupts_dw0_8_IRQHandler
                0x0000000010000330                ioss_interrupts_gpio_11_IRQHandler
                0x0000000010000330                cpuss_interrupts_ipc_14_IRQHandler
                0x0000000010000330                ioss_interrupts_gpio_5_IRQHandler
                0x0000000010000330                ioss_interrupts_gpio_4_IRQHandler
                0x0000000010000330                tcpwm_1_interrupts_8_IRQHandler
                0x0000000010000330                cpuss_interrupts_dw1_14_IRQHandler
                0x0000000010000330                usb_interrupt_med_IRQHandler
                0x0000000010000330                cpuss_interrupts_dw0_2_IRQHandler
                0x0000000010000330                tcpwm_1_interrupts_10_IRQHandler
                0x0000000010000330                cpuss_interrupts_fault_0_IRQHandler
                0x0000000010000330                cpuss_interrupts_dw0_12_IRQHandler
                0x0000000010000330                ioss_interrupts_gpio_6_IRQHandler
                0x0000000010000330                tcpwm_1_interrupts_21_IRQHandler
                0x0000000010000330                tcpwm_1_interrupts_16_IRQHandler
                0x0000000010000330                cpuss_interrupts_dw1_4_IRQHandler
                0x0000000010000330                udb_interrupts_15_IRQHandler
                0x0000000010000330                cpuss_interrupts_dw1_11_IRQHandler
                0x0000000010000330                cpuss_interrupts_dw0_6_IRQHandler
                0x0000000010000330                ioss_interrupt_vdd_IRQHandler
                0x0000000010000330                audioss_interrupt_i2s_IRQHandler
                0x0000000010000330                tcpwm_1_interrupts_5_IRQHandler
                0x0000000010000330                cpuss_interrupts_ipc_2_IRQHandler
                0x0000000010000330                cpuss_interrupts_dw0_10_IRQHandler
                0x0000000010000330                tcpwm_1_interrupts_19_IRQHandler
                0x0000000010000330                cpuss_interrupts_dw0_1_IRQHandler
                0x0000000010000330                ioss_interrupts_gpio_9_IRQHandler
                0x0000000010000330                usb_interrupt_lo_IRQHandler
                0x0000000010000330                cpuss_interrupts_ipc_8_IRQHandler
                0x0000000010000330                udb_interrupts_14_IRQHandler
                0x0000000010000330                cpuss_interrupts_dw0_7_IRQHandler
                0x0000000010000334                UsageFault_Handler
                0x0000000010000334                BusFault_Handler
                0x0000000010000334                MemManage_Handler
                0x0000000010000334                HardFault_Handler
 .text.Cy_SysIpcPipeIsrCm4
                0x0000000010000350        0xa meson_test.elf.p/Onethinx_Creator.cydsn_system_psoc6_cm4.c.o
                0x0000000010000350                Cy_SysIpcPipeIsrCm4
 *fill*         0x000000001000035a        0x2 
 .text.SystemCoreClockUpdate
                0x000000001000035c      0x194 meson_test.elf.p/Onethinx_Creator.cydsn_system_psoc6_cm4.c.o
                0x000000001000035c                SystemCoreClockUpdate
 .text.SystemInit
                0x00000000100004f0       0x48 meson_test.elf.p/Onethinx_Creator.cydsn_system_psoc6_cm4.c.o
                0x00000000100004f0                SystemInit
 .text.Cy_SystemInitFpuEnable
                0x0000000010000538       0x28 meson_test.elf.p/Onethinx_Creator.cydsn_system_psoc6_cm4.c.o
                0x0000000010000538                Cy_SystemInitFpuEnable
 .text.CM4_MessageCallback
                0x0000000010000560        0x2 meson_test.elf.p/source_OnethinxCore_OnethinxCore01.c.o
                0x0000000010000560                CM4_MessageCallback
 *fill*         0x0000000010000562        0x2 
 .text.CM4_ReleaseCallback
                0x0000000010000564        0xc meson_test.elf.p/source_OnethinxCore_OnethinxCore01.c.o
                0x0000000010000564                CM4_ReleaseCallback
 .text.coreComm
                0x0000000010000570       0xb8 meson_test.elf.p/source_OnethinxCore_OnethinxCore01.c.o
                0x0000000010000570                coreComm
 .text.LoRaWAN_Init
                0x0000000010000628       0x88 meson_test.elf.p/source_OnethinxCore_OnethinxCore01.c.o
                0x0000000010000628                LoRaWAN_Init
 .text.LoRaWAN_Join
                0x00000000100006b0       0x10 meson_test.elf.p/source_OnethinxCore_OnethinxCore01.c.o
                0x00000000100006b0                LoRaWAN_Join
 .text.LoRaWAN_GetInfo
                0x00000000100006c0       0x18 meson_test.elf.p/source_OnethinxCore_OnethinxCore01.c.o
                0x00000000100006c0                LoRaWAN_GetInfo
 .text.LoRaWAN_Send
                0x00000000100006d8       0x1c meson_test.elf.p/source_OnethinxCore_OnethinxCore01.c.o
                0x00000000100006d8                LoRaWAN_Send
 .text.LoRaWAN_Sleep
                0x00000000100006f4       0x98 meson_test.elf.p/source_OnethinxCore_OnethinxCore01.c.o
                0x00000000100006f4                LoRaWAN_Sleep
 .text.main     0x000000001000078c      0x104 meson_test.elf.p/source_main.c.o
                0x000000001000078c                main
 .text.cfg_write_bytes32
                0x0000000010000890       0x38 meson_test.elf.p/Onethinx_Creator.cydsn_Generated_Source_PSoC6_cyfitter_cfg.c.o
 .text.AnalogSetDefault
                0x00000000100008c8       0x14 meson_test.elf.p/Onethinx_Creator.cydsn_Generated_Source_PSoC6_cyfitter_cfg.c.o
 .text.ClockInit
                0x00000000100008dc      0x1ac meson_test.elf.p/Onethinx_Creator.cydsn_Generated_Source_PSoC6_cyfitter_cfg.c.o
 .text.CYMEMZERO
                0x0000000010000a88        0xc meson_test.elf.p/Onethinx_Creator.cydsn_Generated_Source_PSoC6_cyfitter_cfg.c.o
 .text.CYCONFIGCPYCODE
                0x0000000010000a94        0x8 meson_test.elf.p/Onethinx_Creator.cydsn_Generated_Source_PSoC6_cyfitter_cfg.c.o
 .text.Cy_SystemInit
                0x0000000010000a9c      0x11c meson_test.elf.p/Onethinx_Creator.cydsn_Generated_Source_PSoC6_cyfitter_cfg.c.o
                0x0000000010000a9c                Cy_SystemInit
 .text.Cy_Flash_ProcessOpcode
                0x0000000010000bb8       0xd0 meson_test.elf.p/69cafff0c40d9aa37d38815e46674ce324bf3b37_pdl_drivers_peripheral_flash_cy_flash.c.o
 .text.Cy_Flash_OperationStatus
                0x0000000010000c88       0x5c meson_test.elf.p/69cafff0c40d9aa37d38815e46674ce324bf3b37_pdl_drivers_peripheral_flash_cy_flash.c.o
 .text.Cy_Flash_InitExt
                0x0000000010000ce4       0x80 meson_test.elf.p/69cafff0c40d9aa37d38815e46674ce324bf3b37_pdl_drivers_peripheral_flash_cy_flash.c.o
                0x0000000010000ce4                Cy_Flash_InitExt
 .text.Cy_Flash_Init
                0x0000000010000d64       0x10 meson_test.elf.p/69cafff0c40d9aa37d38815e46674ce324bf3b37_pdl_drivers_peripheral_flash_cy_flash.c.o
                0x0000000010000d64                Cy_Flash_Init
 .text.Cy_GPIO_Pin_Init
                0x0000000010000d74      0x360 meson_test.elf.p/9274a9895afb40a463bdeaa56a8c00d55c365291_pdl_drivers_peripheral_gpio_cy_gpio.c.o
                0x0000000010000d74                Cy_GPIO_Pin_Init
 .text.Cy_GPIO_Port_Init
                0x00000000100010d4       0xf8 meson_test.elf.p/9274a9895afb40a463bdeaa56a8c00d55c365291_pdl_drivers_peripheral_gpio_cy_gpio.c.o
                0x00000000100010d4                Cy_GPIO_Port_Init
 .text.Cy_IPC_Drv_LockRelease
                0x00000000100011cc       0x40 meson_test.elf.p/a1e73c3dcdf7e7b28f8ab0cc1711171d7d2b14f7_pdl_drivers_peripheral_ipc_cy_ipc_drv.c.o
                0x00000000100011cc                Cy_IPC_Drv_LockRelease
 .text.Cy_IPC_Drv_SendMsgWord
                0x000000001000120c       0x34 meson_test.elf.p/a1e73c3dcdf7e7b28f8ab0cc1711171d7d2b14f7_pdl_drivers_peripheral_ipc_cy_ipc_drv.c.o
                0x000000001000120c                Cy_IPC_Drv_SendMsgWord
 .text.Cy_IPC_Drv_ReadMsgWord
                0x0000000010001240       0x38 meson_test.elf.p/a1e73c3dcdf7e7b28f8ab0cc1711171d7d2b14f7_pdl_drivers_peripheral_ipc_cy_ipc_drv.c.o
                0x0000000010001240                Cy_IPC_Drv_ReadMsgWord
 .text.Cy_IPC_Pipe_Config
                0x0000000010001278       0x14 meson_test.elf.p/0c482c4c6a71915c45657e82f2a0ac7d99e010d3_pdl_drivers_peripheral_ipc_cy_ipc_pipe.c.o
                0x0000000010001278                Cy_IPC_Pipe_Config
 .text.Cy_IPC_Pipe_EndpointInit
                0x000000001000128c       0xec meson_test.elf.p/0c482c4c6a71915c45657e82f2a0ac7d99e010d3_pdl_drivers_peripheral_ipc_cy_ipc_pipe.c.o
                0x000000001000128c                Cy_IPC_Pipe_EndpointInit
 .text.Cy_IPC_Pipe_Init
                0x0000000010001378       0xd4 meson_test.elf.p/0c482c4c6a71915c45657e82f2a0ac7d99e010d3_pdl_drivers_peripheral_ipc_cy_ipc_pipe.c.o
                0x0000000010001378                Cy_IPC_Pipe_Init
 .text.Cy_IPC_Pipe_SendMessage
                0x000000001000144c       0xa4 meson_test.elf.p/0c482c4c6a71915c45657e82f2a0ac7d99e010d3_pdl_drivers_peripheral_ipc_cy_ipc_pipe.c.o
                0x000000001000144c                Cy_IPC_Pipe_SendMessage
 .text.Cy_IPC_Pipe_RegisterCallback
                0x00000000100014f0       0x54 meson_test.elf.p/0c482c4c6a71915c45657e82f2a0ac7d99e010d3_pdl_drivers_peripheral_ipc_cy_ipc_pipe.c.o
                0x00000000100014f0                Cy_IPC_Pipe_RegisterCallback
 .text.Cy_IPC_Pipe_ExecCallback
                0x0000000010001544       0xcc meson_test.elf.p/0c482c4c6a71915c45657e82f2a0ac7d99e010d3_pdl_drivers_peripheral_ipc_cy_ipc_pipe.c.o
                0x0000000010001544                Cy_IPC_Pipe_ExecCallback
 .text.Cy_IPC_Pipe_ExecuteCallback
                0x0000000010001610       0x30 meson_test.elf.p/0c482c4c6a71915c45657e82f2a0ac7d99e010d3_pdl_drivers_peripheral_ipc_cy_ipc_pipe.c.o
                0x0000000010001610                Cy_IPC_Pipe_ExecuteCallback
 .text.Cy_IPC_Sema_InitExt
                0x0000000010001640       0xb0 meson_test.elf.p/3b026386a9c43854953501eb1ca2160ce595ece8_pdl_drivers_peripheral_ipc_cy_ipc_sema.c.o
                0x0000000010001640                Cy_IPC_Sema_InitExt
 .text.Cy_IPC_Sema_Init
                0x00000000100016f0       0x68 meson_test.elf.p/3b026386a9c43854953501eb1ca2160ce595ece8_pdl_drivers_peripheral_ipc_cy_ipc_sema.c.o
                0x00000000100016f0                Cy_IPC_Sema_Init
 .text.Cy_IPC_Sema_Clear
                0x0000000010001758       0x7c meson_test.elf.p/3b026386a9c43854953501eb1ca2160ce595ece8_pdl_drivers_peripheral_ipc_cy_ipc_sema.c.o
                0x0000000010001758                Cy_IPC_Sema_Clear
 .text.Cy_IPC_Sema_Status
                0x00000000100017d4       0x40 meson_test.elf.p/3b026386a9c43854953501eb1ca2160ce595ece8_pdl_drivers_peripheral_ipc_cy_ipc_sema.c.o
                0x00000000100017d4                Cy_IPC_Sema_Status
 .text.Cy_SysClk_ClkPathSetSource
                0x0000000010001814       0x5c meson_test.elf.p/7542e167072b05e6e3ec73bcfbf27be1f74f3d0a_pdl_drivers_peripheral_sysclk_cy_sysclk.c.o
                0x0000000010001814                Cy_SysClk_ClkPathSetSource
 .text.Cy_SysInt_SetVector
                0x0000000010001870       0x48 meson_test.elf.p/153e45b1731f9b6c0f42b3671ad18198f4bb31be_pdl_drivers_peripheral_sysint_cy_sysint.c.o
                0x0000000010001870                Cy_SysInt_SetVector
 .text.Cy_SysInt_Init
                0x00000000100018b8       0x74 meson_test.elf.p/153e45b1731f9b6c0f42b3671ad18198f4bb31be_pdl_drivers_peripheral_sysint_cy_sysint.c.o
                0x00000000100018b8                Cy_SysInt_Init
 .text.Cy_SysLib_Delay
                0x000000001000192c       0x30 meson_test.elf.p/3cb89e1f604defe399d2fa6aebc2cad7f2e1d021_pdl_drivers_peripheral_syslib_cy_syslib.c.o
                0x000000001000192c                Cy_SysLib_Delay
 .text.Cy_SysLib_Halt
                0x000000001000195c        0x4 meson_test.elf.p/3cb89e1f604defe399d2fa6aebc2cad7f2e1d021_pdl_drivers_peripheral_syslib_cy_syslib.c.o
                0x000000001000195c                Cy_SysLib_Halt
 .text.Cy_SysLib_AssertFailed
                0x0000000010001960       0x1c meson_test.elf.p/3cb89e1f604defe399d2fa6aebc2cad7f2e1d021_pdl_drivers_peripheral_syslib_cy_syslib.c.o
                0x0000000010001960                Cy_SysLib_AssertFailed
 .text.Cy_SysLib_ProcessingFault
                0x000000001000197c        0x2 meson_test.elf.p/3cb89e1f604defe399d2fa6aebc2cad7f2e1d021_pdl_drivers_peripheral_syslib_cy_syslib.c.o
                0x000000001000197c                Cy_SysLib_ProcessingFault
 *fill*         0x000000001000197e        0x2 
 .text.Cy_SysLib_FaultHandler
                0x0000000010001980       0xa4 meson_test.elf.p/3cb89e1f604defe399d2fa6aebc2cad7f2e1d021_pdl_drivers_peripheral_syslib_cy_syslib.c.o
                0x0000000010001980                Cy_SysLib_FaultHandler
 .text.Cy_SysLib_SetWaitStates
                0x0000000010001a24       0xd0 meson_test.elf.p/3cb89e1f604defe399d2fa6aebc2cad7f2e1d021_pdl_drivers_peripheral_syslib_cy_syslib.c.o
                0x0000000010001a24                Cy_SysLib_SetWaitStates
 *fill*         0x0000000010001af4        0x4 
 .text          0x0000000010001af8       0x20 meson_test.elf.p/d5ae9b5c300da39f9b9194a82bbbcb15dd0a62b6_drivers_peripheral_syslib_gcc_cy_syslib_gcc.S.o
                0x0000000010001af8                Cy_SysLib_DelayCycles
                0x0000000010001b0a                Cy_SysLib_EnterCriticalSection
                0x0000000010001b12                Cy_SysLib_ExitCriticalSection
 .text.Cy_SysPm_ExecuteCallback
                0x0000000010001b18       0xcc meson_test.elf.p/5a77a391255994afa463f33de93d3b2f65daff24_pdl_drivers_peripheral_syspm_cy_syspm.c.o
                0x0000000010001b18                Cy_SysPm_ExecuteCallback
 .text.Cy_SysPm_CpuEnterSleep
                0x0000000010001be4       0x94 meson_test.elf.p/5a77a391255994afa463f33de93d3b2f65daff24_pdl_drivers_peripheral_syspm_cy_syspm.c.o
                0x0000000010001be4                Cy_SysPm_CpuEnterSleep
 .text.Cy_SysPm_SaveRegisters
                0x0000000010001c78       0x84 meson_test.elf.p/5a77a391255994afa463f33de93d3b2f65daff24_pdl_drivers_peripheral_syspm_cy_syspm.c.o
                0x0000000010001c78                Cy_SysPm_SaveRegisters
 .text.Cy_SysPm_RestoreRegisters
                0x0000000010001cfc       0x84 meson_test.elf.p/5a77a391255994afa463f33de93d3b2f65daff24_pdl_drivers_peripheral_syspm_cy_syspm.c.o
                0x0000000010001cfc                Cy_SysPm_RestoreRegisters
 .text.Cy_SysPm_CpuEnterDeepSleep
                0x0000000010001d80      0x110 meson_test.elf.p/5a77a391255994afa463f33de93d3b2f65daff24_pdl_drivers_peripheral_syspm_cy_syspm.c.o
                0x0000000010001d80                Cy_SysPm_CpuEnterDeepSleep
 .text.Cy_SysTick_SetClockSource
                0x0000000010001e90       0x38 meson_test.elf.p/a3353b3d921cc9f7fe23a4c82572f6bbd6d4c3da_pdl_drivers_peripheral_systick_cy_systick.c.o
                0x0000000010001e90                Cy_SysTick_SetClockSource
 .text.Cy_TrigMux_Connect
                0x0000000010001ec8       0xd0 meson_test.elf.p/fbcfc4ec98d9b19e21b7bff9e71e4886c6b2b03a_pdl_drivers_peripheral_trigmux_cy_trigmux.c.o
                0x0000000010001ec8                Cy_TrigMux_Connect
 .text.Cy_PDL_Init
                0x0000000010001f98        0xc meson_test.elf.p/a6fbef1c883016f2761d23ae253e30f147f85a28_pdl_drivers_peripheral_device_cy_device.c.o
                0x0000000010001f98                Cy_PDL_Init
 .text.memcpy   0x0000000010001fa4       0x1c /Volumes/Data/VScode/GIT/VSCode_OnethinxPack_macOS/gcc-arm-none-eabi-10.3-2021.10/bin/../lib/gcc/arm-none-eabi/10.3.1/../../../../arm-none-eabi/lib/thumb/v7e-m+fp/softfp/libg_nano.a(lib_a-memcpy-stub.o)
                0x0000000010001fa4                memcpy
 .text.memset   0x0000000010001fc0       0x10 /Volumes/Data/VScode/GIT/VSCode_OnethinxPack_macOS/gcc-arm-none-eabi-10.3-2021.10/bin/../lib/gcc/arm-none-eabi/10.3.1/../../../../arm-none-eabi/lib/thumb/v7e-m+fp/softfp/libg_nano.a(lib_a-memset.o)
                0x0000000010001fc0                memset
 .text.strncpy  0x0000000010001fd0       0x26 /Volumes/Data/VScode/GIT/VSCode_OnethinxPack_macOS/gcc-arm-none-eabi-10.3-2021.10/bin/../lib/gcc/arm-none-eabi/10.3.1/../../../../arm-none-eabi/lib/thumb/v7e-m+fp/softfp/libg_nano.a(lib_a-strncpy.o)
                0x0000000010001fd0                strncpy
 *(.init)
 *fill*         0x0000000010001ff6        0x2 
 .init          0x0000000010001ff8        0x4 /Volumes/Data/VScode/GIT/VSCode_OnethinxPack_macOS/gcc-arm-none-eabi-10.3-2021.10/bin/../lib/gcc/arm-none-eabi/10.3.1/thumb/v7e-m+fp/softfp/crti.o
                0x0000000010001ff8                _init
 .init          0x0000000010001ffc        0x8 /Volumes/Data/VScode/GIT/VSCode_OnethinxPack_macOS/gcc-arm-none-eabi-10.3-2021.10/bin/../lib/gcc/arm-none-eabi/10.3.1/thumb/v7e-m+fp/softfp/crtn.o
 *(.fini)
 .fini          0x0000000010002004        0x4 /Volumes/Data/VScode/GIT/VSCode_OnethinxPack_macOS/gcc-arm-none-eabi-10.3-2021.10/bin/../lib/gcc/arm-none-eabi/10.3.1/thumb/v7e-m+fp/softfp/crti.o
                0x0000000010002004                _fini
 .fini          0x0000000010002008        0x8 /Volumes/Data/VScode/GIT/VSCode_OnethinxPack_macOS/gcc-arm-none-eabi-10.3-2021.10/bin/../lib/gcc/arm-none-eabi/10.3.1/thumb/v7e-m+fp/softfp/crtn.o
 .fini.__stub   0x0000000010002010        0x8 linker stubs
 *crtbegin.o(.ctors)
 *crtbegin?.o(.ctors)
 *(EXCLUDE_FILE(*crtend.o *crtend?.o) .ctors)
 *(SORT_BY_NAME(.ctors.*))
 *(.ctors)
 *crtbegin.o(.dtors)
 *crtbegin?.o(.dtors)
 *(EXCLUDE_FILE(*crtend.o *crtend?.o) .dtors)
 *(SORT_BY_NAME(.dtors.*))
 *(.dtors)
 *(.rodata .rodata.* .constdata .constdata.* .conststring .conststring.*)
 .rodata        0x0000000010002018       0x34 meson_test.elf.p/Onethinx_Creator.cydsn_system_psoc6_cm4.c.o
 .rodata        0x000000001000204c      0xa8c meson_test.elf.p/Onethinx_Creator.cydsn_Generated_Source_PSoC6_cyfitter_cfg.c.o
 .rodata.str1.4
                0x0000000010002ad8       0x59 meson_test.elf.p/69cafff0c40d9aa37d38815e46674ce324bf3b37_pdl_drivers_peripheral_flash_cy_flash.c.o
 *fill*         0x0000000010002b31        0x3 
 .rodata.str1.4
                0x0000000010002b34       0xaf meson_test.elf.p/9274a9895afb40a463bdeaa56a8c00d55c365291_pdl_drivers_peripheral_gpio_cy_gpio.c.o
 *fill*         0x0000000010002be3        0x1 
 .rodata.str1.4
                0x0000000010002be4       0x59 meson_test.elf.p/a1e73c3dcdf7e7b28f8ab0cc1711171d7d2b14f7_pdl_drivers_peripheral_ipc_cy_ipc_drv.c.o
                                         0xb5 (size before relaxing)
 *fill*         0x0000000010002c3d        0x3 
 .rodata.str1.4
                0x0000000010002c40       0x5a meson_test.elf.p/0c482c4c6a71915c45657e82f2a0ac7d99e010d3_pdl_drivers_peripheral_ipc_cy_ipc_pipe.c.o
                                         0xb5 (size before relaxing)
 .rodata.str1.4
                0x0000000010002c9a       0x59 meson_test.elf.p/3b026386a9c43854953501eb1ca2160ce595ece8_pdl_drivers_peripheral_ipc_cy_ipc_sema.c.o
 *fill*         0x0000000010002c9a        0x2 
 .rodata.str1.4
                0x0000000010002c9c       0x5b meson_test.elf.p/153e45b1731f9b6c0f42b3671ad18198f4bb31be_pdl_drivers_peripheral_sysint_cy_sysint.c.o
 *fill*         0x0000000010002cf7        0x1 
 .rodata.str1.4
                0x0000000010002cf8       0x59 meson_test.elf.p/5a77a391255994afa463f33de93d3b2f65daff24_pdl_drivers_peripheral_syspm_cy_syspm.c.o
                                         0xb5 (size before relaxing)
 *fill*         0x0000000010002d51        0x3 
 .rodata.str1.4
                0x0000000010002d54       0x5d meson_test.elf.p/fbcfc4ec98d9b19e21b7bff9e71e4886c6b2b03a_pdl_drivers_peripheral_trigmux_cy_trigmux.c.o
 *fill*         0x0000000010002db1        0x3 
 .rodata        0x0000000010002db4      0x170 meson_test.elf.p/a6fbef1c883016f2761d23ae253e30f147f85a28_pdl_drivers_peripheral_device_cy_device.c.o
                0x0000000010002db4                cy_deviceIpBlockCfgPSoC6_02
                0x0000000010002e6c                cy_deviceIpBlockCfgPSoC6_01
 *(.eh_frame*)
 .eh_frame      0x0000000010002f24        0x0 /Volumes/Data/VScode/GIT/VSCode_OnethinxPack_macOS/gcc-arm-none-eabi-10.3-2021.10/bin/../lib/gcc/arm-none-eabi/10.3.1/thumb/v7e-m+fp/softfp/crtbegin.o
 .eh_frame      0x0000000010002f24        0x4 /Volumes/Data/VScode/GIT/VSCode_OnethinxPack_macOS/gcc-arm-none-eabi-10.3-2021.10/bin/../lib/gcc/arm-none-eabi/10.3.1/thumb/v7e-m+fp/softfp/crtend.o

.glue_7         0x0000000010002f28        0x0
 .glue_7        0x0000000010002f28        0x0 linker stubs

.glue_7t        0x0000000010002f28        0x0
 .glue_7t       0x0000000010002f28        0x0 linker stubs

.vfp11_veneer   0x0000000010002f28        0x0
 .vfp11_veneer  0x0000000010002f28        0x0 linker stubs

.v4_bx          0x0000000010002f28        0x0
 .v4_bx         0x0000000010002f28        0x0 linker stubs

.iplt           0x0000000010002f28        0x0
 .iplt          0x0000000010002f28        0x0 /Volumes/Data/VScode/GIT/VSCode_OnethinxPack_macOS/gcc-arm-none-eabi-10.3-2021.10/bin/../lib/gcc/arm-none-eabi/10.3.1/thumb/v7e-m+fp/softfp/crtbegin.o

.ARM.extab
 *(.ARM.extab* .gnu.linkonce.armextab.*)
                0x0000000010002f28                __exidx_start = .

.ARM.exidx
 *(.ARM.exidx* .gnu.linkonce.armexidx.*)
                0x0000000010002f28                __exidx_end = .

.copy.table     0x0000000010002f28       0x18
                0x0000000010002f28                . = ALIGN (0x4)
                0x0000000010002f28                __copy_table_start__ = .
                0x0000000010002f28        0x4 LONG 0x10000000 __Vectors
                0x0000000010002f2c        0x4 LONG 0x8000000 __ram_vectors_start__
                0x0000000010002f30        0x4 LONG 0x28c (__Vectors_End - __Vectors)
                0x0000000010002f34        0x4 LONG 0x10002f48 __etext
                0x0000000010002f38        0x4 LONG 0x800028c __data_start__
                0x0000000010002f3c        0x4 LONG 0x5fc (__data_end__ - __data_start__)
                0x0000000010002f40                __copy_table_end__ = .

.zero.table     0x0000000010002f40        0x8
                0x0000000010002f40                . = ALIGN (0x4)
                0x0000000010002f40                __zero_table_start__ = .
                0x0000000010002f40        0x4 LONG 0x800091c __bss_start__
                0x0000000010002f44        0x4 LONG 0x354 (__bss_end__ - __bss_start__)
                0x0000000010002f48                __zero_table_end__ = .
                0x0000000010002f48                __etext = .

.ramVectors     0x0000000008000000      0x28c
                0x0000000008000000                __ram_vectors_start__ = .
 *(.ram_vectors)
 .ram_vectors   0x0000000008000000      0x28c meson_test.elf.p/Onethinx_Creator.cydsn_gcc_startup_psoc6_01_cm4.S.o
                0x0000000008000000                __ramVectors
                0x000000000800028c                __ram_vectors_end__ = .

.data           0x000000000800028c      0x5fc load address 0x0000000010002f48
                0x000000000800028c                __data_start__ = .
 *(vtable)
 *(.data*)
 .data          0x000000000800028c       0x20 meson_test.elf.p/Onethinx_Creator.cydsn_system_psoc6_cm4.c.o
                0x000000000800028c                cy_BleEcoClockFreqHz
                0x0000000008000290                cy_Hfclk0FreqHz
                0x0000000008000294                cy_PeriClkFreqHz
                0x0000000008000298                SystemCoreClock
                0x000000000800029c                cy_delayFreqHz
                0x00000000080002a0                cy_delayFreqMhz
                0x00000000080002a4                cy_delayFreqKhz
                0x00000000080002a8                cy_delay32kMs
 .data          0x00000000080002ac       0x10 meson_test.elf.p/source_OnethinxCore_OnethinxCore01.c.o
                0x00000000080002ac                ipcMsgs
 .data          0x00000000080002bc       0x76 meson_test.elf.p/source_main.c.o
                0x00000000080002bc                coreConfig
                0x00000000080002dc                sleepConfig
                0x00000000080002f0                TTN_OTAAkeys
                0x0000000008000334                . = ALIGN (0x4)
 *fill*         0x0000000008000332        0x2 
                0x0000000008000334                PROVIDE (__preinit_array_start = .)
 *(.preinit_array)
                0x0000000008000334                PROVIDE (__preinit_array_end = .)
                0x0000000008000334                . = ALIGN (0x4)
                0x0000000008000334                PROVIDE (__init_array_start = .)
 *(SORT_BY_NAME(.init_array.*))
 *(.init_array)
 .init_array    0x0000000008000334        0x4 /Volumes/Data/VScode/GIT/VSCode_OnethinxPack_macOS/gcc-arm-none-eabi-10.3-2021.10/bin/../lib/gcc/arm-none-eabi/10.3.1/thumb/v7e-m+fp/softfp/crtbegin.o
                0x0000000008000338                PROVIDE (__init_array_end = .)
                0x0000000008000338                . = ALIGN (0x4)
                [!provide]                        PROVIDE (__fini_array_start = .)
 *(SORT_BY_NAME(.fini_array.*))
 *(.fini_array)
 .fini_array    0x0000000008000338        0x4 /Volumes/Data/VScode/GIT/VSCode_OnethinxPack_macOS/gcc-arm-none-eabi-10.3-2021.10/bin/../lib/gcc/arm-none-eabi/10.3.1/thumb/v7e-m+fp/softfp/crtbegin.o
                [!provide]                        PROVIDE (__fini_array_end = .)
 *(.jcr*)
                0x000000000800033c                . = ALIGN (0x4)
 *(.cy_ramfunc*)
 .cy_ramfunc    0x000000000800033c      0x2fc meson_test.elf.p/69cafff0c40d9aa37d38815e46674ce324bf3b37_pdl_drivers_peripheral_flash_cy_flash.c.o
                0x00000000080003a0                Cy_Flash_ResumeIrqHandler
 .cy_ramfunc    0x0000000008000638      0x210 meson_test.elf.p/5a77a391255994afa463f33de93d3b2f65daff24_pdl_drivers_peripheral_syspm_cy_syspm.c.o
 .cy_ramfunc.__stub
                0x0000000008000848       0x40 linker stubs
                0x0000000008000888                . = ALIGN (0x4)
                0x0000000008000888                __data_end__ = .

.igot.plt       0x0000000008000888        0x0 load address 0x0000000010003544
 .igot.plt      0x0000000008000888        0x0 /Volumes/Data/VScode/GIT/VSCode_OnethinxPack_macOS/gcc-arm-none-eabi-10.3-2021.10/bin/../lib/gcc/arm-none-eabi/10.3.1/thumb/v7e-m+fp/softfp/crtbegin.o

.noinit         0x0000000008000888       0x94 load address 0x0000000010003548
 *(.noinit)
 .noinit        0x0000000008000888       0x94 meson_test.elf.p/3cb89e1f604defe399d2fa6aebc2cad7f2e1d021_pdl_drivers_peripheral_syslib_cy_syslib.c.o
                0x0000000008000888                cy_assertFileName
                0x00000000080008a0                cy_assertLine
                0x00000000080008a4                cy_faultFrame

.bss            0x000000000800091c      0x354 load address 0x00000000100035dc
                0x000000000800091c                . = ALIGN (0x4)
                0x000000000800091c                __bss_start__ = .
 *(.bss*)
 .bss           0x000000000800091c       0x1c /Volumes/Data/VScode/GIT/VSCode_OnethinxPack_macOS/gcc-arm-none-eabi-10.3-2021.10/bin/../lib/gcc/arm-none-eabi/10.3.1/thumb/v7e-m+fp/softfp/crtbegin.o
 .bss           0x0000000008000938      0x180 meson_test.elf.p/Onethinx_Creator.cydsn_system_psoc6_cm4.c.o
 .bss           0x0000000008000ab8       0x5c meson_test.elf.p/source_OnethinxCore_OnethinxCore01.c.o
                0x0000000008000ab8                callBackDone
                0x0000000008000abc                coreArguments
 .bss           0x0000000008000b14       0xe4 meson_test.elf.p/source_main.c.o
                0x0000000008000b14                coreStatus
                0x0000000008000b54                coreInfo
                0x0000000008000b78                TXbuffer
                0x0000000008000bb8                RXbuffer
 .bss           0x0000000008000bf8       0x28 meson_test.elf.p/69cafff0c40d9aa37d38815e46674ce324bf3b37_pdl_drivers_peripheral_flash_cy_flash.c.o
 .bss           0x0000000008000c20        0x4 meson_test.elf.p/0c482c4c6a71915c45657e82f2a0ac7d99e010d3_pdl_drivers_peripheral_ipc_cy_ipc_pipe.c.o
 .bss           0x0000000008000c24        0xc meson_test.elf.p/3b026386a9c43854953501eb1ca2160ce595ece8_pdl_drivers_peripheral_ipc_cy_ipc_sema.c.o
 .bss           0x0000000008000c30       0x3c meson_test.elf.p/5a77a391255994afa463f33de93d3b2f65daff24_pdl_drivers_peripheral_syspm_cy_syspm.c.o
 .bss           0x0000000008000c6c        0x4 meson_test.elf.p/a6fbef1c883016f2761d23ae253e30f147f85a28_pdl_drivers_peripheral_device_cy_device.c.o
                0x0000000008000c6c                cy_device
 *(COMMON)
                0x0000000008000c70                . = ALIGN (0x4)
                0x0000000008000c70                __bss_end__ = .

.heap           0x0000000008000c70      0x400
                0x0000000008000c70                __HeapBase = .
                0x0000000008000c70                __end__ = .
                0x0000000008000c70                end = __end__
 *(.heap*)
 .heap          0x0000000008000c70      0x400 meson_test.elf.p/Onethinx_Creator.cydsn_gcc_startup_psoc6_01_cm4.S.o
                0x0000000008001070                __HeapLimit = .

.stack_dummy    0x0000000008000c70     0x1000
 *(.stack*)
 .stack         0x0000000008000c70     0x1000 meson_test.elf.p/Onethinx_Creator.cydsn_gcc_startup_psoc6_01_cm4.S.o
                0x000000000803f000                __StackTop = (ORIGIN (ram) + LENGTH (ram))
                0x000000000803e000                __StackLimit = (__StackTop - SIZEOF (.stack_dummy))
                0x000000000803f000                PROVIDE (__stack = __StackTop)
                0x0000000000000001                ASSERT ((__StackLimit >= __HeapLimit), region RAM overflowed with stack)

.cy_app_signature
 *(.cy_app_signature)

.cy_em_eeprom
 *(.cy_em_eeprom)

.cy_xip
 *(.cy_xip)

.cymeta         0x0000000090500000        0xc
 *(.cymeta)
 .cymeta        0x0000000090500000        0xc meson_test.elf.p/Onethinx_Creator.cydsn_Generated_Source_PSoC6_cymetadata.c.o
                0x0000000090500000                cy_metadata
                0x0000000010000000                __cy_memory_0_start = 0x10000000
                0x0000000000100000                __cy_memory_0_length = 0x100000
                0x0000000000000200                __cy_memory_0_row_size = 0x200
                0x0000000014000000                __cy_memory_1_start = 0x14000000
                0x0000000000008000                __cy_memory_1_length = 0x8000
                0x0000000000000200                __cy_memory_1_row_size = 0x200
                0x0000000016000000                __cy_memory_2_start = 0x16000000
                0x0000000000008000                __cy_memory_2_length = 0x8000
                0x0000000000000200                __cy_memory_2_row_size = 0x200
                0x0000000018000000                __cy_memory_3_start = 0x18000000
                0x0000000008000000                __cy_memory_3_length = 0x8000000
                0x0000000000000200                __cy_memory_3_row_size = 0x200
                0x0000000090700000                __cy_memory_4_start = 0x90700000
                0x0000000000100000                __cy_memory_4_length = 0x100000
                0x0000000000000001                __cy_memory_4_row_size = 0x1
OUTPUT(meson_test.elf elf32-littlearm)
LOAD linker stubs

.rel.dyn        0x0000000008000c70        0x0 load address 0x0000000010003930
 .rel.iplt      0x0000000008000c70        0x0 /Volumes/Data/VScode/GIT/VSCode_OnethinxPack_macOS/gcc-arm-none-eabi-10.3-2021.10/bin/../lib/gcc/arm-none-eabi/10.3.1/thumb/v7e-m+fp/softfp/crtbegin.o

.ARM.attributes
                0x0000000000000000       0x2e
 .ARM.attributes
                0x0000000000000000       0x1e /Volumes/Data/VScode/GIT/VSCode_OnethinxPack_macOS/gcc-arm-none-eabi-10.3-2021.10/bin/../lib/gcc/arm-none-eabi/10.3.1/thumb/v7e-m+fp/softfp/crti.o
 .ARM.attributes
                0x000000000000001e       0x32 /Volumes/Data/VScode/GIT/VSCode_OnethinxPack_macOS/gcc-arm-none-eabi-10.3-2021.10/bin/../lib/gcc/arm-none-eabi/10.3.1/thumb/v7e-m+fp/softfp/crtbegin.o
 .ARM.attributes
                0x0000000000000050       0x1f meson_test.elf.p/Onethinx_Creator.cydsn_gcc_startup_psoc6_01_cm4.S.o
 .ARM.attributes
                0x000000000000006f       0x32 meson_test.elf.p/Onethinx_Creator.cydsn_system_psoc6_cm4.c.o
 .ARM.attributes
                0x00000000000000a1       0x32 meson_test.elf.p/source_OnethinxCore_OnethinxCore01.c.o
 .ARM.attributes
                0x00000000000000d3       0x32 meson_test.elf.p/source_main.c.o
 .ARM.attributes
                0x0000000000000105       0x32 meson_test.elf.p/Onethinx_Creator.cydsn_Generated_Source_PSoC6_cyfitter_cfg.c.o
 .ARM.attributes
                0x0000000000000137       0x32 meson_test.elf.p/Onethinx_Creator.cydsn_Generated_Source_PSoC6_cymetadata.c.o
 .ARM.attributes
                0x0000000000000169       0x32 meson_test.elf.p/69cafff0c40d9aa37d38815e46674ce324bf3b37_pdl_drivers_peripheral_flash_cy_flash.c.o
 .ARM.attributes
                0x000000000000019b       0x32 meson_test.elf.p/9274a9895afb40a463bdeaa56a8c00d55c365291_pdl_drivers_peripheral_gpio_cy_gpio.c.o
 .ARM.attributes
                0x00000000000001cd       0x32 meson_test.elf.p/a1e73c3dcdf7e7b28f8ab0cc1711171d7d2b14f7_pdl_drivers_peripheral_ipc_cy_ipc_drv.c.o
 .ARM.attributes
                0x00000000000001ff       0x32 meson_test.elf.p/0c482c4c6a71915c45657e82f2a0ac7d99e010d3_pdl_drivers_peripheral_ipc_cy_ipc_pipe.c.o
 .ARM.attributes
                0x0000000000000231       0x32 meson_test.elf.p/3b026386a9c43854953501eb1ca2160ce595ece8_pdl_drivers_peripheral_ipc_cy_ipc_sema.c.o
 .ARM.attributes
                0x0000000000000263       0x32 meson_test.elf.p/7542e167072b05e6e3ec73bcfbf27be1f74f3d0a_pdl_drivers_peripheral_sysclk_cy_sysclk.c.o
 .ARM.attributes
                0x0000000000000295       0x32 meson_test.elf.p/153e45b1731f9b6c0f42b3671ad18198f4bb31be_pdl_drivers_peripheral_sysint_cy_sysint.c.o
 .ARM.attributes
                0x00000000000002c7       0x32 meson_test.elf.p/3cb89e1f604defe399d2fa6aebc2cad7f2e1d021_pdl_drivers_peripheral_syslib_cy_syslib.c.o
 .ARM.attributes
                0x00000000000002f9       0x20 meson_test.elf.p/d5ae9b5c300da39f9b9194a82bbbcb15dd0a62b6_drivers_peripheral_syslib_gcc_cy_syslib_gcc.S.o
 .ARM.attributes
                0x0000000000000319       0x32 meson_test.elf.p/5a77a391255994afa463f33de93d3b2f65daff24_pdl_drivers_peripheral_syspm_cy_syspm.c.o
 .ARM.attributes
                0x000000000000034b       0x32 meson_test.elf.p/a3353b3d921cc9f7fe23a4c82572f6bbd6d4c3da_pdl_drivers_peripheral_systick_cy_systick.c.o
 .ARM.attributes
                0x000000000000037d       0x32 meson_test.elf.p/fbcfc4ec98d9b19e21b7bff9e71e4886c6b2b03a_pdl_drivers_peripheral_trigmux_cy_trigmux.c.o
 .ARM.attributes
                0x00000000000003af       0x32 meson_test.elf.p/a6fbef1c883016f2761d23ae253e30f147f85a28_pdl_drivers_peripheral_device_cy_device.c.o
 .ARM.attributes
                0x00000000000003e1       0x32 /Volumes/Data/VScode/GIT/VSCode_OnethinxPack_macOS/gcc-arm-none-eabi-10.3-2021.10/bin/../lib/gcc/arm-none-eabi/10.3.1/../../../../arm-none-eabi/lib/thumb/v7e-m+fp/softfp/libg_nano.a(lib_a-memcpy-stub.o)
 .ARM.attributes
                0x0000000000000413       0x32 /Volumes/Data/VScode/GIT/VSCode_OnethinxPack_macOS/gcc-arm-none-eabi-10.3-2021.10/bin/../lib/gcc/arm-none-eabi/10.3.1/../../../../arm-none-eabi/lib/thumb/v7e-m+fp/softfp/libg_nano.a(lib_a-memset.o)
 .ARM.attributes
                0x0000000000000445       0x32 /Volumes/Data/VScode/GIT/VSCode_OnethinxPack_macOS/gcc-arm-none-eabi-10.3-2021.10/bin/../lib/gcc/arm-none-eabi/10.3.1/../../../../arm-none-eabi/lib/thumb/v7e-m+fp/softfp/libg_nano.a(lib_a-strncpy.o)
 .ARM.attributes
                0x0000000000000477       0x32 /Volumes/Data/VScode/GIT/VSCode_OnethinxPack_macOS/gcc-arm-none-eabi-10.3-2021.10/bin/../lib/gcc/arm-none-eabi/10.3.1/thumb/v7e-m+fp/softfp/crtend.o
 .ARM.attributes
                0x00000000000004a9       0x1e /Volumes/Data/VScode/GIT/VSCode_OnethinxPack_macOS/gcc-arm-none-eabi-10.3-2021.10/bin/../lib/gcc/arm-none-eabi/10.3.1/thumb/v7e-m+fp/softfp/crtn.o

.comment        0x0000000000000000       0x49
 .comment       0x0000000000000000       0x49 meson_test.elf.p/Onethinx_Creator.cydsn_system_psoc6_cm4.c.o
                                         0x4a (size before relaxing)
 .comment       0x0000000000000049       0x4a meson_test.elf.p/source_OnethinxCore_OnethinxCore01.c.o
 .comment       0x0000000000000049       0x4a meson_test.elf.p/source_main.c.o
 .comment       0x0000000000000049       0x4a meson_test.elf.p/Onethinx_Creator.cydsn_Generated_Source_PSoC6_cyfitter_cfg.c.o
 .comment       0x0000000000000049       0x4a meson_test.elf.p/Onethinx_Creator.cydsn_Generated_Source_PSoC6_cymetadata.c.o
 .comment       0x0000000000000049       0x4a meson_test.elf.p/69cafff0c40d9aa37d38815e46674ce324bf3b37_pdl_drivers_peripheral_flash_cy_flash.c.o
 .comment       0x0000000000000049       0x4a meson_test.elf.p/9274a9895afb40a463bdeaa56a8c00d55c365291_pdl_drivers_peripheral_gpio_cy_gpio.c.o
 .comment       0x0000000000000049       0x4a meson_test.elf.p/a1e73c3dcdf7e7b28f8ab0cc1711171d7d2b14f7_pdl_drivers_peripheral_ipc_cy_ipc_drv.c.o
 .comment       0x0000000000000049       0x4a meson_test.elf.p/0c482c4c6a71915c45657e82f2a0ac7d99e010d3_pdl_drivers_peripheral_ipc_cy_ipc_pipe.c.o
 .comment       0x0000000000000049       0x4a meson_test.elf.p/3b026386a9c43854953501eb1ca2160ce595ece8_pdl_drivers_peripheral_ipc_cy_ipc_sema.c.o
 .comment       0x0000000000000049       0x4a meson_test.elf.p/7542e167072b05e6e3ec73bcfbf27be1f74f3d0a_pdl_drivers_peripheral_sysclk_cy_sysclk.c.o
 .comment       0x0000000000000049       0x4a meson_test.elf.p/153e45b1731f9b6c0f42b3671ad18198f4bb31be_pdl_drivers_peripheral_sysint_cy_sysint.c.o
 .comment       0x0000000000000049       0x4a meson_test.elf.p/3cb89e1f604defe399d2fa6aebc2cad7f2e1d021_pdl_drivers_peripheral_syslib_cy_syslib.c.o
 .comment       0x0000000000000049       0x4a meson_test.elf.p/5a77a391255994afa463f33de93d3b2f65daff24_pdl_drivers_peripheral_syspm_cy_syspm.c.o
 .comment       0x0000000000000049       0x4a meson_test.elf.p/a3353b3d921cc9f7fe23a4c82572f6bbd6d4c3da_pdl_drivers_peripheral_systick_cy_systick.c.o
 .comment       0x0000000000000049       0x4a meson_test.elf.p/fbcfc4ec98d9b19e21b7bff9e71e4886c6b2b03a_pdl_drivers_peripheral_trigmux_cy_trigmux.c.o
 .comment       0x0000000000000049       0x4a meson_test.elf.p/a6fbef1c883016f2761d23ae253e30f147f85a28_pdl_drivers_peripheral_device_cy_device.c.o

.debug_line     0x0000000000000000     0xa691
 .debug_line    0x0000000000000000       0xa8 meson_test.elf.p/Onethinx_Creator.cydsn_gcc_startup_psoc6_01_cm4.S.o
 .debug_line    0x00000000000000a8      0x6f8 meson_test.elf.p/Onethinx_Creator.cydsn_system_psoc6_cm4.c.o
 .debug_line    0x00000000000007a0      0x756 meson_test.elf.p/source_OnethinxCore_OnethinxCore01.c.o
 .debug_line    0x0000000000000ef6      0x5df meson_test.elf.p/source_main.c.o
 .debug_line    0x00000000000014d5      0x9a1 meson_test.elf.p/Onethinx_Creator.cydsn_Generated_Source_PSoC6_cyfitter_cfg.c.o
 .debug_line    0x0000000000001e76      0x15b meson_test.elf.p/Onethinx_Creator.cydsn_Generated_Source_PSoC6_cymetadata.c.o
 .debug_line    0x0000000000001fd1     0x11af meson_test.elf.p/69cafff0c40d9aa37d38815e46674ce324bf3b37_pdl_drivers_peripheral_flash_cy_flash.c.o
 .debug_line    0x0000000000003180      0xc47 meson_test.elf.p/9274a9895afb40a463bdeaa56a8c00d55c365291_pdl_drivers_peripheral_gpio_cy_gpio.c.o
 .debug_line    0x0000000000003dc7      0x493 meson_test.elf.p/a1e73c3dcdf7e7b28f8ab0cc1711171d7d2b14f7_pdl_drivers_peripheral_ipc_cy_ipc_drv.c.o
 .debug_line    0x000000000000425a      0xca6 meson_test.elf.p/0c482c4c6a71915c45657e82f2a0ac7d99e010d3_pdl_drivers_peripheral_ipc_cy_ipc_pipe.c.o
 .debug_line    0x0000000000004f00      0x6f9 meson_test.elf.p/3b026386a9c43854953501eb1ca2160ce595ece8_pdl_drivers_peripheral_ipc_cy_ipc_sema.c.o
 .debug_line    0x00000000000055f9     0x1a76 meson_test.elf.p/7542e167072b05e6e3ec73bcfbf27be1f74f3d0a_pdl_drivers_peripheral_sysclk_cy_sysclk.c.o
 .debug_line    0x000000000000706f      0x413 meson_test.elf.p/153e45b1731f9b6c0f42b3671ad18198f4bb31be_pdl_drivers_peripheral_sysint_cy_sysint.c.o
 .debug_line    0x0000000000007482      0x7d2 meson_test.elf.p/3cb89e1f604defe399d2fa6aebc2cad7f2e1d021_pdl_drivers_peripheral_syslib_cy_syslib.c.o
 .debug_line    0x0000000000007c54       0xa3 meson_test.elf.p/d5ae9b5c300da39f9b9194a82bbbcb15dd0a62b6_drivers_peripheral_syslib_gcc_cy_syslib_gcc.S.o
 .debug_line    0x0000000000007cf7     0x1d36 meson_test.elf.p/5a77a391255994afa463f33de93d3b2f65daff24_pdl_drivers_peripheral_syspm_cy_syspm.c.o
 .debug_line    0x0000000000009a2d      0x4da meson_test.elf.p/a3353b3d921cc9f7fe23a4c82572f6bbd6d4c3da_pdl_drivers_peripheral_systick_cy_systick.c.o
 .debug_line    0x0000000000009f07      0x5e7 meson_test.elf.p/fbcfc4ec98d9b19e21b7bff9e71e4886c6b2b03a_pdl_drivers_peripheral_trigmux_cy_trigmux.c.o
 .debug_line    0x000000000000a4ee      0x1a3 meson_test.elf.p/a6fbef1c883016f2761d23ae253e30f147f85a28_pdl_drivers_peripheral_device_cy_device.c.o

.debug_info     0x0000000000000000    0x1e182
 .debug_info    0x0000000000000000       0x26 meson_test.elf.p/Onethinx_Creator.cydsn_gcc_startup_psoc6_01_cm4.S.o
 .debug_info    0x0000000000000026     0x1d0a meson_test.elf.p/Onethinx_Creator.cydsn_system_psoc6_cm4.c.o
 .debug_info    0x0000000000001d30     0x1be8 meson_test.elf.p/source_OnethinxCore_OnethinxCore01.c.o
 .debug_info    0x0000000000003918     0x1367 meson_test.elf.p/source_main.c.o
 .debug_info    0x0000000000004c7f     0x4c47 meson_test.elf.p/Onethinx_Creator.cydsn_Generated_Source_PSoC6_cyfitter_cfg.c.o
 .debug_info    0x00000000000098c6       0xa8 meson_test.elf.p/Onethinx_Creator.cydsn_Generated_Source_PSoC6_cymetadata.c.o
 .debug_info    0x000000000000996e     0x2d5f meson_test.elf.p/69cafff0c40d9aa37d38815e46674ce324bf3b37_pdl_drivers_peripheral_flash_cy_flash.c.o
 .debug_info    0x000000000000c6cd     0x35ce meson_test.elf.p/9274a9895afb40a463bdeaa56a8c00d55c365291_pdl_drivers_peripheral_gpio_cy_gpio.c.o
 .debug_info    0x000000000000fc9b      0x9d1 meson_test.elf.p/a1e73c3dcdf7e7b28f8ab0cc1711171d7d2b14f7_pdl_drivers_peripheral_ipc_cy_ipc_drv.c.o
 .debug_info    0x000000000001066c     0x1b9e meson_test.elf.p/0c482c4c6a71915c45657e82f2a0ac7d99e010d3_pdl_drivers_peripheral_ipc_cy_ipc_pipe.c.o
 .debug_info    0x000000000001220a      0xd5b meson_test.elf.p/3b026386a9c43854953501eb1ca2160ce595ece8_pdl_drivers_peripheral_ipc_cy_ipc_sema.c.o
 .debug_info    0x0000000000012f65     0x25a8 meson_test.elf.p/7542e167072b05e6e3ec73bcfbf27be1f74f3d0a_pdl_drivers_peripheral_sysclk_cy_sysclk.c.o
 .debug_info    0x000000000001550d      0x9f3 meson_test.elf.p/153e45b1731f9b6c0f42b3671ad18198f4bb31be_pdl_drivers_peripheral_sysint_cy_sysint.c.o
 .debug_info    0x0000000000015f00     0x269b meson_test.elf.p/3cb89e1f604defe399d2fa6aebc2cad7f2e1d021_pdl_drivers_peripheral_syslib_cy_syslib.c.o
 .debug_info    0x000000000001859b       0x26 meson_test.elf.p/d5ae9b5c300da39f9b9194a82bbbcb15dd0a62b6_drivers_peripheral_syslib_gcc_cy_syslib_gcc.S.o
 .debug_info    0x00000000000185c1     0x438c meson_test.elf.p/5a77a391255994afa463f33de93d3b2f65daff24_pdl_drivers_peripheral_syspm_cy_syspm.c.o
 .debug_info    0x000000000001c94d      0x8c6 meson_test.elf.p/a3353b3d921cc9f7fe23a4c82572f6bbd6d4c3da_pdl_drivers_peripheral_systick_cy_systick.c.o
 .debug_info    0x000000000001d213      0x9ac meson_test.elf.p/fbcfc4ec98d9b19e21b7bff9e71e4886c6b2b03a_pdl_drivers_peripheral_trigmux_cy_trigmux.c.o
 .debug_info    0x000000000001dbbf      0x5c3 meson_test.elf.p/a6fbef1c883016f2761d23ae253e30f147f85a28_pdl_drivers_peripheral_device_cy_device.c.o

.debug_abbrev   0x0000000000000000     0x2bf0
 .debug_abbrev  0x0000000000000000       0x14 meson_test.elf.p/Onethinx_Creator.cydsn_gcc_startup_psoc6_01_cm4.S.o
 .debug_abbrev  0x0000000000000014      0x261 meson_test.elf.p/Onethinx_Creator.cydsn_system_psoc6_cm4.c.o
 .debug_abbrev  0x0000000000000275      0x31d meson_test.elf.p/source_OnethinxCore_OnethinxCore01.c.o
 .debug_abbrev  0x0000000000000592      0x296 meson_test.elf.p/source_main.c.o
 .debug_abbrev  0x0000000000000828      0x376 meson_test.elf.p/Onethinx_Creator.cydsn_Generated_Source_PSoC6_cyfitter_cfg.c.o
 .debug_abbrev  0x0000000000000b9e       0x61 meson_test.elf.p/Onethinx_Creator.cydsn_Generated_Source_PSoC6_cymetadata.c.o
 .debug_abbrev  0x0000000000000bff      0x3d5 meson_test.elf.p/69cafff0c40d9aa37d38815e46674ce324bf3b37_pdl_drivers_peripheral_flash_cy_flash.c.o
 .debug_abbrev  0x0000000000000fd4      0x299 meson_test.elf.p/9274a9895afb40a463bdeaa56a8c00d55c365291_pdl_drivers_peripheral_gpio_cy_gpio.c.o
 .debug_abbrev  0x000000000000126d      0x1b9 meson_test.elf.p/a1e73c3dcdf7e7b28f8ab0cc1711171d7d2b14f7_pdl_drivers_peripheral_ipc_cy_ipc_drv.c.o
 .debug_abbrev  0x0000000000001426      0x3bf meson_test.elf.p/0c482c4c6a71915c45657e82f2a0ac7d99e010d3_pdl_drivers_peripheral_ipc_cy_ipc_pipe.c.o
 .debug_abbrev  0x00000000000017e5      0x26e meson_test.elf.p/3b026386a9c43854953501eb1ca2160ce595ece8_pdl_drivers_peripheral_ipc_cy_ipc_sema.c.o
 .debug_abbrev  0x0000000000001a53      0x3b9 meson_test.elf.p/7542e167072b05e6e3ec73bcfbf27be1f74f3d0a_pdl_drivers_peripheral_sysclk_cy_sysclk.c.o
 .debug_abbrev  0x0000000000001e0c      0x240 meson_test.elf.p/153e45b1731f9b6c0f42b3671ad18198f4bb31be_pdl_drivers_peripheral_sysint_cy_sysint.c.o
 .debug_abbrev  0x000000000000204c      0x35c meson_test.elf.p/3cb89e1f604defe399d2fa6aebc2cad7f2e1d021_pdl_drivers_peripheral_syslib_cy_syslib.c.o
 .debug_abbrev  0x00000000000023a8       0x14 meson_test.elf.p/d5ae9b5c300da39f9b9194a82bbbcb15dd0a62b6_drivers_peripheral_syslib_gcc_cy_syslib_gcc.S.o
 .debug_abbrev  0x00000000000023bc      0x39a meson_test.elf.p/5a77a391255994afa463f33de93d3b2f65daff24_pdl_drivers_peripheral_syspm_cy_syspm.c.o
 .debug_abbrev  0x0000000000002756      0x24b meson_test.elf.p/a3353b3d921cc9f7fe23a4c82572f6bbd6d4c3da_pdl_drivers_peripheral_systick_cy_systick.c.o
 .debug_abbrev  0x00000000000029a1      0x199 meson_test.elf.p/fbcfc4ec98d9b19e21b7bff9e71e4886c6b2b03a_pdl_drivers_peripheral_trigmux_cy_trigmux.c.o
 .debug_abbrev  0x0000000000002b3a       0xb6 meson_test.elf.p/a6fbef1c883016f2761d23ae253e30f147f85a28_pdl_drivers_peripheral_device_cy_device.c.o

.debug_aranges  0x0000000000000000      0x6a8
 .debug_aranges
                0x0000000000000000       0x20 meson_test.elf.p/Onethinx_Creator.cydsn_gcc_startup_psoc6_01_cm4.S.o
 .debug_aranges
                0x0000000000000020       0x40 meson_test.elf.p/Onethinx_Creator.cydsn_system_psoc6_cm4.c.o
 .debug_aranges
                0x0000000000000060       0xa0 meson_test.elf.p/source_OnethinxCore_OnethinxCore01.c.o
 .debug_aranges
                0x0000000000000100       0x20 meson_test.elf.p/source_main.c.o
 .debug_aranges
                0x0000000000000120       0x48 meson_test.elf.p/Onethinx_Creator.cydsn_Generated_Source_PSoC6_cyfitter_cfg.c.o
 .debug_aranges
                0x0000000000000168       0x18 meson_test.elf.p/Onethinx_Creator.cydsn_Generated_Source_PSoC6_cymetadata.c.o
 .debug_aranges
                0x0000000000000180       0xb8 meson_test.elf.p/69cafff0c40d9aa37d38815e46674ce324bf3b37_pdl_drivers_peripheral_flash_cy_flash.c.o
 .debug_aranges
                0x0000000000000238       0x48 meson_test.elf.p/9274a9895afb40a463bdeaa56a8c00d55c365291_pdl_drivers_peripheral_gpio_cy_gpio.c.o
 .debug_aranges
                0x0000000000000280       0x30 meson_test.elf.p/a1e73c3dcdf7e7b28f8ab0cc1711171d7d2b14f7_pdl_drivers_peripheral_ipc_cy_ipc_drv.c.o
 .debug_aranges
                0x00000000000002b0       0x68 meson_test.elf.p/0c482c4c6a71915c45657e82f2a0ac7d99e010d3_pdl_drivers_peripheral_ipc_cy_ipc_pipe.c.o
 .debug_aranges
                0x0000000000000318       0x48 meson_test.elf.p/3b026386a9c43854953501eb1ca2160ce595ece8_pdl_drivers_peripheral_ipc_cy_ipc_sema.c.o
 .debug_aranges
                0x0000000000000360       0xb0 meson_test.elf.p/7542e167072b05e6e3ec73bcfbf27be1f74f3d0a_pdl_drivers_peripheral_sysclk_cy_sysclk.c.o
 .debug_aranges
                0x0000000000000410       0x30 meson_test.elf.p/153e45b1731f9b6c0f42b3671ad18198f4bb31be_pdl_drivers_peripheral_sysint_cy_sysint.c.o
 .debug_aranges
                0x0000000000000440       0x78 meson_test.elf.p/3cb89e1f604defe399d2fa6aebc2cad7f2e1d021_pdl_drivers_peripheral_syslib_cy_syslib.c.o
 .debug_aranges
                0x00000000000004b8       0x20 meson_test.elf.p/d5ae9b5c300da39f9b9194a82bbbcb15dd0a62b6_drivers_peripheral_syslib_gcc_cy_syslib_gcc.S.o
 .debug_aranges
                0x00000000000004d8      0x118 meson_test.elf.p/5a77a391255994afa463f33de93d3b2f65daff24_pdl_drivers_peripheral_syspm_cy_syspm.c.o
 .debug_aranges
                0x00000000000005f0       0x58 meson_test.elf.p/a3353b3d921cc9f7fe23a4c82572f6bbd6d4c3da_pdl_drivers_peripheral_systick_cy_systick.c.o
 .debug_aranges
                0x0000000000000648       0x40 meson_test.elf.p/fbcfc4ec98d9b19e21b7bff9e71e4886c6b2b03a_pdl_drivers_peripheral_trigmux_cy_trigmux.c.o
 .debug_aranges
                0x0000000000000688       0x20 meson_test.elf.p/a6fbef1c883016f2761d23ae253e30f147f85a28_pdl_drivers_peripheral_device_cy_device.c.o

.debug_str      0x0000000000000000     0xf374
 .debug_str     0x0000000000000000       0x69 meson_test.elf.p/Onethinx_Creator.cydsn_gcc_startup_psoc6_01_cm4.S.o
 .debug_str     0x0000000000000069     0x22ae meson_test.elf.p/Onethinx_Creator.cydsn_system_psoc6_cm4.c.o
                                       0x23a4 (size before relaxing)
 .debug_str     0x0000000000002317      0xfbb meson_test.elf.p/source_OnethinxCore_OnethinxCore01.c.o
                                       0x1528 (size before relaxing)
 .debug_str     0x00000000000032d2      0x24f meson_test.elf.p/source_main.c.o
                                        0xec1 (size before relaxing)
 .debug_str     0x0000000000003521     0x7d89 meson_test.elf.p/Onethinx_Creator.cydsn_Generated_Source_PSoC6_cyfitter_cfg.c.o
                                       0x8a90 (size before relaxing)
 .debug_str     0x000000000000b2aa       0x4a meson_test.elf.p/Onethinx_Creator.cydsn_Generated_Source_PSoC6_cymetadata.c.o
                                        0x1ac (size before relaxing)
 .debug_str     0x000000000000b2f4      0xfa7 meson_test.elf.p/69cafff0c40d9aa37d38815e46674ce324bf3b37_pdl_drivers_peripheral_flash_cy_flash.c.o
                                       0x2d9e (size before relaxing)
 .debug_str     0x000000000000c29b      0x375 meson_test.elf.p/9274a9895afb40a463bdeaa56a8c00d55c365291_pdl_drivers_peripheral_gpio_cy_gpio.c.o
                                       0x63c5 (size before relaxing)
 .debug_str     0x000000000000c610      0x117 meson_test.elf.p/a1e73c3dcdf7e7b28f8ab0cc1711171d7d2b14f7_pdl_drivers_peripheral_ipc_cy_ipc_drv.c.o
                                        0x94e (size before relaxing)
 .debug_str     0x000000000000c727      0x309 meson_test.elf.p/0c482c4c6a71915c45657e82f2a0ac7d99e010d3_pdl_drivers_peripheral_ipc_cy_ipc_pipe.c.o
                                       0x206f (size before relaxing)
 .debug_str     0x000000000000ca30       0xfa meson_test.elf.p/3b026386a9c43854953501eb1ca2160ce595ece8_pdl_drivers_peripheral_ipc_cy_ipc_sema.c.o
                                        0xb4c (size before relaxing)
 .debug_str     0x000000000000cb2a      0x8b6 meson_test.elf.p/7542e167072b05e6e3ec73bcfbf27be1f74f3d0a_pdl_drivers_peripheral_sysclk_cy_sysclk.c.o
                                       0x1e9d (size before relaxing)
 .debug_str     0x000000000000d3e0      0x10a meson_test.elf.p/153e45b1731f9b6c0f42b3671ad18198f4bb31be_pdl_drivers_peripheral_sysint_cy_sysint.c.o
                                       0x13ae (size before relaxing)
 .debug_str     0x000000000000d4ea      0xa04 meson_test.elf.p/3cb89e1f604defe399d2fa6aebc2cad7f2e1d021_pdl_drivers_peripheral_syslib_cy_syslib.c.o
                                       0x1c7a (size before relaxing)
 .debug_str     0x000000000000deee       0x63 meson_test.elf.p/d5ae9b5c300da39f9b9194a82bbbcb15dd0a62b6_drivers_peripheral_syslib_gcc_cy_syslib_gcc.S.o
                                         0x97 (size before relaxing)
 .debug_str     0x000000000000df51     0x1068 meson_test.elf.p/5a77a391255994afa463f33de93d3b2f65daff24_pdl_drivers_peripheral_syspm_cy_syspm.c.o
                                       0x2b48 (size before relaxing)
 .debug_str     0x000000000000efb9      0x1f6 meson_test.elf.p/a3353b3d921cc9f7fe23a4c82572f6bbd6d4c3da_pdl_drivers_peripheral_systick_cy_systick.c.o
                                        0xa08 (size before relaxing)
 .debug_str     0x000000000000f1af      0x14e meson_test.elf.p/fbcfc4ec98d9b19e21b7bff9e71e4886c6b2b03a_pdl_drivers_peripheral_trigmux_cy_trigmux.c.o
                                        0x92a (size before relaxing)
 .debug_str     0x000000000000f2fd       0x77 meson_test.elf.p/a6fbef1c883016f2761d23ae253e30f147f85a28_pdl_drivers_peripheral_device_cy_device.c.o
                                        0x7ba (size before relaxing)

.debug_loc      0x0000000000000000     0x8015
 .debug_loc     0x0000000000000000      0x29d meson_test.elf.p/Onethinx_Creator.cydsn_system_psoc6_cm4.c.o
 .debug_loc     0x000000000000029d      0x478 meson_test.elf.p/source_OnethinxCore_OnethinxCore01.c.o
 .debug_loc     0x0000000000000715      0x21c meson_test.elf.p/source_main.c.o
 .debug_loc     0x0000000000000931      0x47b meson_test.elf.p/Onethinx_Creator.cydsn_Generated_Source_PSoC6_cyfitter_cfg.c.o
 .debug_loc     0x0000000000000dac     0x119e meson_test.elf.p/69cafff0c40d9aa37d38815e46674ce324bf3b37_pdl_drivers_peripheral_flash_cy_flash.c.o
 .debug_loc     0x0000000000001f4a      0xac9 meson_test.elf.p/9274a9895afb40a463bdeaa56a8c00d55c365291_pdl_drivers_peripheral_gpio_cy_gpio.c.o
 .debug_loc     0x0000000000002a13      0x40e meson_test.elf.p/a1e73c3dcdf7e7b28f8ab0cc1711171d7d2b14f7_pdl_drivers_peripheral_ipc_cy_ipc_drv.c.o
 .debug_loc     0x0000000000002e21      0xa2d meson_test.elf.p/0c482c4c6a71915c45657e82f2a0ac7d99e010d3_pdl_drivers_peripheral_ipc_cy_ipc_pipe.c.o
 .debug_loc     0x000000000000384e      0x953 meson_test.elf.p/3b026386a9c43854953501eb1ca2160ce595ece8_pdl_drivers_peripheral_ipc_cy_ipc_sema.c.o
 .debug_loc     0x00000000000041a1     0x1f27 meson_test.elf.p/7542e167072b05e6e3ec73bcfbf27be1f74f3d0a_pdl_drivers_peripheral_sysclk_cy_sysclk.c.o
 .debug_loc     0x00000000000060c8      0x274 meson_test.elf.p/153e45b1731f9b6c0f42b3671ad18198f4bb31be_pdl_drivers_peripheral_sysint_cy_sysint.c.o
 .debug_loc     0x000000000000633c      0x1db meson_test.elf.p/3cb89e1f604defe399d2fa6aebc2cad7f2e1d021_pdl_drivers_peripheral_syslib_cy_syslib.c.o
 .debug_loc     0x0000000000006517     0x1399 meson_test.elf.p/5a77a391255994afa463f33de93d3b2f65daff24_pdl_drivers_peripheral_syspm_cy_syspm.c.o
 .debug_loc     0x00000000000078b0      0x1d9 meson_test.elf.p/a3353b3d921cc9f7fe23a4c82572f6bbd6d4c3da_pdl_drivers_peripheral_systick_cy_systick.c.o
 .debug_loc     0x0000000000007a89      0x58c meson_test.elf.p/fbcfc4ec98d9b19e21b7bff9e71e4886c6b2b03a_pdl_drivers_peripheral_trigmux_cy_trigmux.c.o

.debug_ranges   0x0000000000000000      0xbc0
 .debug_ranges  0x0000000000000000       0x60 meson_test.elf.p/Onethinx_Creator.cydsn_system_psoc6_cm4.c.o
 .debug_ranges  0x0000000000000060       0x90 meson_test.elf.p/source_OnethinxCore_OnethinxCore01.c.o
 .debug_ranges  0x00000000000000f0       0x10 meson_test.elf.p/source_main.c.o
 .debug_ranges  0x0000000000000100       0x50 meson_test.elf.p/Onethinx_Creator.cydsn_Generated_Source_PSoC6_cyfitter_cfg.c.o
 .debug_ranges  0x0000000000000150      0x1d0 meson_test.elf.p/69cafff0c40d9aa37d38815e46674ce324bf3b37_pdl_drivers_peripheral_flash_cy_flash.c.o
 .debug_ranges  0x0000000000000320      0x110 meson_test.elf.p/9274a9895afb40a463bdeaa56a8c00d55c365291_pdl_drivers_peripheral_gpio_cy_gpio.c.o
 .debug_ranges  0x0000000000000430       0x50 meson_test.elf.p/a1e73c3dcdf7e7b28f8ab0cc1711171d7d2b14f7_pdl_drivers_peripheral_ipc_cy_ipc_drv.c.o
 .debug_ranges  0x0000000000000480       0xb8 meson_test.elf.p/0c482c4c6a71915c45657e82f2a0ac7d99e010d3_pdl_drivers_peripheral_ipc_cy_ipc_pipe.c.o
 .debug_ranges  0x0000000000000538       0x80 meson_test.elf.p/3b026386a9c43854953501eb1ca2160ce595ece8_pdl_drivers_peripheral_ipc_cy_ipc_sema.c.o
 .debug_ranges  0x00000000000005b8      0x268 meson_test.elf.p/7542e167072b05e6e3ec73bcfbf27be1f74f3d0a_pdl_drivers_peripheral_sysclk_cy_sysclk.c.o
 .debug_ranges  0x0000000000000820       0x38 meson_test.elf.p/153e45b1731f9b6c0f42b3671ad18198f4bb31be_pdl_drivers_peripheral_sysint_cy_sysint.c.o
 .debug_ranges  0x0000000000000858       0x68 meson_test.elf.p/3cb89e1f604defe399d2fa6aebc2cad7f2e1d021_pdl_drivers_peripheral_syslib_cy_syslib.c.o
 .debug_ranges  0x00000000000008c0      0x248 meson_test.elf.p/5a77a391255994afa463f33de93d3b2f65daff24_pdl_drivers_peripheral_syspm_cy_syspm.c.o
 .debug_ranges  0x0000000000000b08       0x48 meson_test.elf.p/a3353b3d921cc9f7fe23a4c82572f6bbd6d4c3da_pdl_drivers_peripheral_systick_cy_systick.c.o
 .debug_ranges  0x0000000000000b50       0x60 meson_test.elf.p/fbcfc4ec98d9b19e21b7bff9e71e4886c6b2b03a_pdl_drivers_peripheral_trigmux_cy_trigmux.c.o
 .debug_ranges  0x0000000000000bb0       0x10 meson_test.elf.p/a6fbef1c883016f2761d23ae253e30f147f85a28_pdl_drivers_peripheral_device_cy_device.c.o

.debug_frame    0x0000000000000000     0x1170
 .debug_frame   0x0000000000000000       0x78 meson_test.elf.p/Onethinx_Creator.cydsn_system_psoc6_cm4.c.o
 .debug_frame   0x0000000000000078      0x1bc meson_test.elf.p/source_OnethinxCore_OnethinxCore01.c.o
 .debug_frame   0x0000000000000234       0x30 meson_test.elf.p/source_main.c.o
 .debug_frame   0x0000000000000264       0xa4 meson_test.elf.p/Onethinx_Creator.cydsn_Generated_Source_PSoC6_cyfitter_cfg.c.o
 .debug_frame   0x0000000000000308      0x204 meson_test.elf.p/69cafff0c40d9aa37d38815e46674ce324bf3b37_pdl_drivers_peripheral_flash_cy_flash.c.o
 .debug_frame   0x000000000000050c       0xf0 meson_test.elf.p/9274a9895afb40a463bdeaa56a8c00d55c365291_pdl_drivers_peripheral_gpio_cy_gpio.c.o
 .debug_frame   0x00000000000005fc       0x64 meson_test.elf.p/a1e73c3dcdf7e7b28f8ab0cc1711171d7d2b14f7_pdl_drivers_peripheral_ipc_cy_ipc_drv.c.o
 .debug_frame   0x0000000000000660      0x130 meson_test.elf.p/0c482c4c6a71915c45657e82f2a0ac7d99e010d3_pdl_drivers_peripheral_ipc_cy_ipc_pipe.c.o
 .debug_frame   0x0000000000000790       0xbc meson_test.elf.p/3b026386a9c43854953501eb1ca2160ce595ece8_pdl_drivers_peripheral_ipc_cy_ipc_sema.c.o
 .debug_frame   0x000000000000084c      0x29c meson_test.elf.p/7542e167072b05e6e3ec73bcfbf27be1f74f3d0a_pdl_drivers_peripheral_sysclk_cy_sysclk.c.o
 .debug_frame   0x0000000000000ae8       0x60 meson_test.elf.p/153e45b1731f9b6c0f42b3671ad18198f4bb31be_pdl_drivers_peripheral_sysint_cy_sysint.c.o
 .debug_frame   0x0000000000000b48      0x108 meson_test.elf.p/3cb89e1f604defe399d2fa6aebc2cad7f2e1d021_pdl_drivers_peripheral_syslib_cy_syslib.c.o
 .debug_frame   0x0000000000000c50      0x340 meson_test.elf.p/5a77a391255994afa463f33de93d3b2f65daff24_pdl_drivers_peripheral_syspm_cy_syspm.c.o
 .debug_frame   0x0000000000000f90       0xb0 meson_test.elf.p/a3353b3d921cc9f7fe23a4c82572f6bbd6d4c3da_pdl_drivers_peripheral_systick_cy_systick.c.o
 .debug_frame   0x0000000000001040       0xa0 meson_test.elf.p/fbcfc4ec98d9b19e21b7bff9e71e4886c6b2b03a_pdl_drivers_peripheral_trigmux_cy_trigmux.c.o
 .debug_frame   0x00000000000010e0       0x20 meson_test.elf.p/a6fbef1c883016f2761d23ae253e30f147f85a28_pdl_drivers_peripheral_device_cy_device.c.o
 .debug_frame   0x0000000000001100       0x28 /Volumes/Data/VScode/GIT/VSCode_OnethinxPack_macOS/gcc-arm-none-eabi-10.3-2021.10/bin/../lib/gcc/arm-none-eabi/10.3.1/../../../../arm-none-eabi/lib/thumb/v7e-m+fp/softfp/libg_nano.a(lib_a-memcpy-stub.o)
 .debug_frame   0x0000000000001128       0x20 /Volumes/Data/VScode/GIT/VSCode_OnethinxPack_macOS/gcc-arm-none-eabi-10.3-2021.10/bin/../lib/gcc/arm-none-eabi/10.3.1/../../../../arm-none-eabi/lib/thumb/v7e-m+fp/softfp/libg_nano.a(lib_a-memset.o)
 .debug_frame   0x0000000000001148       0x28 /Volumes/Data/VScode/GIT/VSCode_OnethinxPack_macOS/gcc-arm-none-eabi-10.3-2021.10/bin/../lib/gcc/arm-none-eabi/10.3.1/../../../../arm-none-eabi/lib/thumb/v7e-m+fp/softfp/libg_nano.a(lib_a-strncpy.o)
